Archive member included to satisfy reference by file (symbol)

c:/st/stm32cubeide_1.3.0/stm32cubeide/plugins/com.st.stm32cube.ide.mcu.externaltools.gnu-tools-for-stm32.7-2018-q2-update.win32_1.5.0.202011040924/tools/bin/../lib/gcc/arm-none-eabi/7.3.1/../../../../arm-none-eabi/lib/thumb/v7e-m/fpv4-sp/hard\libc_nano.a(lib_a-errno.o)
                              Src/syscalls.o (__errno)
c:/st/stm32cubeide_1.3.0/stm32cubeide/plugins/com.st.stm32cube.ide.mcu.externaltools.gnu-tools-for-stm32.7-2018-q2-update.win32_1.5.0.202011040924/tools/bin/../lib/gcc/arm-none-eabi/7.3.1/../../../../arm-none-eabi/lib/thumb/v7e-m/fpv4-sp/hard\libc_nano.a(lib_a-exit.o)
                              c:/st/stm32cubeide_1.3.0/stm32cubeide/plugins/com.st.stm32cube.ide.mcu.externaltools.gnu-tools-for-stm32.7-2018-q2-update.win32_1.5.0.202011040924/tools/bin/../lib/gcc/arm-none-eabi/7.3.1/../../../../arm-none-eabi/lib/thumb/v7e-m/fpv4-sp/hard/crt0.o (exit)
c:/st/stm32cubeide_1.3.0/stm32cubeide/plugins/com.st.stm32cube.ide.mcu.externaltools.gnu-tools-for-stm32.7-2018-q2-update.win32_1.5.0.202011040924/tools/bin/../lib/gcc/arm-none-eabi/7.3.1/../../../../arm-none-eabi/lib/thumb/v7e-m/fpv4-sp/hard\libc_nano.a(lib_a-impure.o)
                              c:/st/stm32cubeide_1.3.0/stm32cubeide/plugins/com.st.stm32cube.ide.mcu.externaltools.gnu-tools-for-stm32.7-2018-q2-update.win32_1.5.0.202011040924/tools/bin/../lib/gcc/arm-none-eabi/7.3.1/../../../../arm-none-eabi/lib/thumb/v7e-m/fpv4-sp/hard\libc_nano.a(lib_a-exit.o) (_global_impure_ptr)
c:/st/stm32cubeide_1.3.0/stm32cubeide/plugins/com.st.stm32cube.ide.mcu.externaltools.gnu-tools-for-stm32.7-2018-q2-update.win32_1.5.0.202011040924/tools/bin/../lib/gcc/arm-none-eabi/7.3.1/../../../../arm-none-eabi/lib/thumb/v7e-m/fpv4-sp/hard\libc_nano.a(lib_a-init.o)
                              c:/st/stm32cubeide_1.3.0/stm32cubeide/plugins/com.st.stm32cube.ide.mcu.externaltools.gnu-tools-for-stm32.7-2018-q2-update.win32_1.5.0.202011040924/tools/bin/../lib/gcc/arm-none-eabi/7.3.1/../../../../arm-none-eabi/lib/thumb/v7e-m/fpv4-sp/hard/crt0.o (__libc_init_array)
c:/st/stm32cubeide_1.3.0/stm32cubeide/plugins/com.st.stm32cube.ide.mcu.externaltools.gnu-tools-for-stm32.7-2018-q2-update.win32_1.5.0.202011040924/tools/bin/../lib/gcc/arm-none-eabi/7.3.1/../../../../arm-none-eabi/lib/thumb/v7e-m/fpv4-sp/hard\libc_nano.a(lib_a-malloc.o)
                              Middlewares/ST/STM32_USB_Device_Library/Class/CDC/Src/usbd_cdc.o (malloc)
c:/st/stm32cubeide_1.3.0/stm32cubeide/plugins/com.st.stm32cube.ide.mcu.externaltools.gnu-tools-for-stm32.7-2018-q2-update.win32_1.5.0.202011040924/tools/bin/../lib/gcc/arm-none-eabi/7.3.1/../../../../arm-none-eabi/lib/thumb/v7e-m/fpv4-sp/hard\libc_nano.a(lib_a-memcpy-stub.o)
                              Middlewares/Third_Party/FreeRTOS/Source/CMSIS_RTOS_V2/cmsis_os2.o (memcpy)
c:/st/stm32cubeide_1.3.0/stm32cubeide/plugins/com.st.stm32cube.ide.mcu.externaltools.gnu-tools-for-stm32.7-2018-q2-update.win32_1.5.0.202011040924/tools/bin/../lib/gcc/arm-none-eabi/7.3.1/../../../../arm-none-eabi/lib/thumb/v7e-m/fpv4-sp/hard\libc_nano.a(lib_a-memset.o)
                              c:/st/stm32cubeide_1.3.0/stm32cubeide/plugins/com.st.stm32cube.ide.mcu.externaltools.gnu-tools-for-stm32.7-2018-q2-update.win32_1.5.0.202011040924/tools/bin/../lib/gcc/arm-none-eabi/7.3.1/../../../../arm-none-eabi/lib/thumb/v7e-m/fpv4-sp/hard/crt0.o (memset)
c:/st/stm32cubeide_1.3.0/stm32cubeide/plugins/com.st.stm32cube.ide.mcu.externaltools.gnu-tools-for-stm32.7-2018-q2-update.win32_1.5.0.202011040924/tools/bin/../lib/gcc/arm-none-eabi/7.3.1/../../../../arm-none-eabi/lib/thumb/v7e-m/fpv4-sp/hard\libc_nano.a(lib_a-nano-freer.o)
                              c:/st/stm32cubeide_1.3.0/stm32cubeide/plugins/com.st.stm32cube.ide.mcu.externaltools.gnu-tools-for-stm32.7-2018-q2-update.win32_1.5.0.202011040924/tools/bin/../lib/gcc/arm-none-eabi/7.3.1/../../../../arm-none-eabi/lib/thumb/v7e-m/fpv4-sp/hard\libc_nano.a(lib_a-malloc.o) (_free_r)
c:/st/stm32cubeide_1.3.0/stm32cubeide/plugins/com.st.stm32cube.ide.mcu.externaltools.gnu-tools-for-stm32.7-2018-q2-update.win32_1.5.0.202011040924/tools/bin/../lib/gcc/arm-none-eabi/7.3.1/../../../../arm-none-eabi/lib/thumb/v7e-m/fpv4-sp/hard\libc_nano.a(lib_a-nano-mallocr.o)
                              c:/st/stm32cubeide_1.3.0/stm32cubeide/plugins/com.st.stm32cube.ide.mcu.externaltools.gnu-tools-for-stm32.7-2018-q2-update.win32_1.5.0.202011040924/tools/bin/../lib/gcc/arm-none-eabi/7.3.1/../../../../arm-none-eabi/lib/thumb/v7e-m/fpv4-sp/hard\libc_nano.a(lib_a-malloc.o) (_malloc_r)
c:/st/stm32cubeide_1.3.0/stm32cubeide/plugins/com.st.stm32cube.ide.mcu.externaltools.gnu-tools-for-stm32.7-2018-q2-update.win32_1.5.0.202011040924/tools/bin/../lib/gcc/arm-none-eabi/7.3.1/../../../../arm-none-eabi/lib/thumb/v7e-m/fpv4-sp/hard\libc_nano.a(lib_a-sbrkr.o)
[...]
Memory Configuration

Name             Origin             Length             Attributes
RAM              0x0000000020000000 0x0000000000020000 xrw
FLASH            0x0000000008000000 0x0000000000080000 xr
*default*        0x0000000000000000 0xffffffffffffffff

Linker script and memory map

LOAD c:/st/stm32cubeide_1.3.0/stm32cubeide/plugins/com.st.stm32cube.ide.mcu.externaltools.gnu-tools-for-stm32.7-2018-q2-update.win32_1.5.0.202011040924/tools/bin/../lib/gcc/arm-none-eabi/7.3.1/thumb/v7e-m/fpv4-sp/hard/crti.o
LOAD c:/st/stm32cubeide_1.3.0/stm32cubeide/plugins/com.st.stm32cube.ide.mcu.externaltools.gnu-tools-for-stm32.7-2018-q2-update.win32_1.5.0.202011040924/tools/bin/../lib/gcc/arm-none-eabi/7.3.1/thumb/v7e-m/fpv4-sp/hard/crtbegin.o
LOAD c:/st/stm32cubeide_1.3.0/stm32cubeide/plugins/com.st.stm32cube.ide.mcu.externaltools.gnu-tools-for-stm32.7-2018-q2-update.win32_1.5.0.202011040924/tools/bin/../lib/gcc/arm-none-eabi/7.3.1/../../../../arm-none-eabi/lib/thumb/v7e-m/fpv4-sp/hard/crt0.o
LOAD Drivers/STM32F4xx_HAL_Driver/Src/stm32f4xx_hal.o
LOAD Drivers/STM32F4xx_HAL_Driver/Src/stm32f4xx_hal_cortex.o
LOAD Drivers/STM32F4xx_HAL_Driver/Src/stm32f4xx_hal_dma.o
LOAD Drivers/STM32F4xx_HAL_Driver/Src/stm32f4xx_hal_dma_ex.o
LOAD Drivers/STM32F4xx_HAL_Driver/Src/stm32f4xx_hal_exti.o
LOAD Drivers/STM32F4xx_HAL_Driver/Src/stm32f4xx_hal_flash.o
LOAD Drivers/STM32F4xx_HAL_Driver/Src/stm32f4xx_hal_flash_ex.o
LOAD Drivers/STM32F4xx_HAL_Driver/Src/stm32f4xx_hal_flash_ramfunc.o
LOAD Drivers/STM32F4xx_HAL_Driver/Src/stm32f4xx_hal_gpio.o
LOAD Drivers/STM32F4xx_HAL_Driver/Src/stm32f4xx_hal_pcd.o
LOAD Drivers/STM32F4xx_HAL_Driver/Src/stm32f4xx_hal_pcd_ex.o
LOAD Drivers/STM32F4xx_HAL_Driver/Src/stm32f4xx_hal_pwr.o
LOAD Drivers/STM32F4xx_HAL_Driver/Src/stm32f4xx_hal_pwr_ex.o
LOAD Drivers/STM32F4xx_HAL_Driver/Src/stm32f4xx_hal_rcc.o
LOAD Drivers/STM32F4xx_HAL_Driver/Src/stm32f4xx_hal_rcc_ex.o
LOAD Drivers/STM32F4xx_HAL_Driver/Src/stm32f4xx_hal_tim.o
LOAD Drivers/STM32F4xx_HAL_Driver/Src/stm32f4xx_hal_tim_ex.o
LOAD Drivers/STM32F4xx_HAL_Driver/Src/stm32f4xx_ll_usb.o
LOAD Middlewares/ST/STM32_USB_Device_Library/Class/CDC/Src/usbd_cdc.o
LOAD Middlewares/ST/STM32_USB_Device_Library/Core/Src/usbd_core.o
LOAD Middlewares/ST/STM32_USB_Device_Library/Core/Src/usbd_ctlreq.o
LOAD Middlewares/ST/STM32_USB_Device_Library/Core/Src/usbd_ioreq.o
LOAD Middlewares/Third_Party/FreeRTOS/Source/CMSIS_RTOS_V2/cmsis_os2.o
LOAD Middlewares/Third_Party/FreeRTOS/Source/croutine.o
LOAD Middlewares/Third_Party/FreeRTOS/Source/event_groups.o
LOAD Middlewares/Third_Party/FreeRTOS/Source/list.o
LOAD Middlewares/Third_Party/FreeRTOS/Source/queue.o
LOAD Middlewares/Third_Party/FreeRTOS/Source/stream_buffer.o
LOAD Middlewares/Third_Party/FreeRTOS/Source/tasks.o
LOAD Middlewares/Third_Party/FreeRTOS/Source/timers.o
LOAD Middlewares/Third_Party/FreeRTOS/Source/portable/GCC/ARM_CM4F/port.o
LOAD Middlewares/Third_Party/FreeRTOS/Source/portable/MemMang/heap_4.o
LOAD Src/freertos.o
LOAD Src/main.o
LOAD Src/stm32f4xx_hal_msp.o
LOAD Src/stm32f4xx_hal_timebase_tim.o
LOAD Src/stm32f4xx_it.o
LOAD Src/syscalls.o
LOAD Src/sysmem.o
LOAD Src/system_stm32f4xx.o
LOAD Src/usb_device.o
LOAD Src/usbd_cdc_if.o
LOAD Src/usbd_conf.o
LOAD Src/usbd_desc.o
LOAD Startup/startup_stm32f411ceux.o
START GROUP
LOAD c:/st/stm32cubeide_1.3.0/stm32cubeide/plugins/com.st.stm32cube.ide.mcu.externaltools.gnu-tools-for-stm32.7-2018-q2-update.win32_1.5.0.202011040924/tools/bin/../lib/gcc/arm-none-eabi/7.3.1/../../../../arm-none-eabi/lib/thumb/v7e-m/fpv4-sp/hard\libc_nano.a
LOAD c:/st/stm32cubeide_1.3.0/stm32cubeide/plugins/com.st.stm32cube.ide.mcu.externaltools.gnu-tools-for-stm32.7-2018-q2-update.win32_1.5.0.202011040924/tools/bin/../lib/gcc/arm-none-eabi/7.3.1/../../../../arm-none-eabi/lib/thumb/v7e-m/fpv4-sp/hard\libm.a
END GROUP
START GROUP
LOAD c:/st/stm32cubeide_1.3.0/stm32cubeide/plugins/com.st.stm32cube.ide.mcu.externaltools.gnu-tools-for-stm32.7-2018-q2-update.win32_1.5.0.202011040924/tools/bin/../lib/gcc/arm-none-eabi/7.3.1/thumb/v7e-m/fpv4-sp/hard\libgcc.a
LOAD c:/st/stm32cubeide_1.3.0/stm32cubeide/plugins/com.st.stm32cube.ide.mcu.externaltools.gnu-tools-for-stm32.7-2018-q2-update.win32_1.5.0.202011040924/tools/bin/../lib/gcc/arm-none-eabi/7.3.1/../../../../arm-none-eabi/lib/thumb/v7e-m/fpv4-sp/hard\libc_nano.a
END GROUP
START GROUP
LOAD c:/st/stm32cubeide_1.3.0/stm32cubeide/plugins/com.st.stm32cube.ide.mcu.externaltools.gnu-tools-for-stm32.7-2018-q2-update.win32_1.5.0.202011040924/tools/bin/../lib/gcc/arm-none-eabi/7.3.1/thumb/v7e-m/fpv4-sp/hard\libgcc.a
LOAD c:/st/stm32cubeide_1.3.0/stm32cubeide/plugins/com.st.stm32cube.ide.mcu.externaltools.gnu-tools-for-stm32.7-2018-q2-update.win32_1.5.0.202011040924/tools/bin/../lib/gcc/arm-none-eabi/7.3.1/../../../../arm-none-eabi/lib/thumb/v7e-m/fpv4-sp/hard\libc_nano.a
LOAD c:/st/stm32cubeide_1.3.0/stm32cubeide/plugins/com.st.stm32cube.ide.mcu.externaltools.gnu-tools-for-stm32.7-2018-q2-update.win32_1.5.0.202011040924/tools/bin/../lib/gcc/arm-none-eabi/7.3.1/../../../../arm-none-eabi/lib/thumb/v7e-m/fpv4-sp/hard\libnosys.a
END GROUP
START GROUP
LOAD c:/st/stm32cubeide_1.3.0/stm32cubeide/plugins/com.st.stm32cube.ide.mcu.externaltools.gnu-tools-for-stm32.7-2018-q2-update.win32_1.5.0.202011040924/tools/bin/../lib/gcc/arm-none-eabi/7.3.1/thumb/v7e-m/fpv4-sp/hard\libgcc.a
LOAD c:/st/stm32cubeide_1.3.0/stm32cubeide/plugins/com.st.stm32cube.ide.mcu.externaltools.gnu-tools-for-stm32.7-2018-q2-update.win32_1.5.0.202011040924/tools/bin/../lib/gcc/arm-none-eabi/7.3.1/../../../../arm-none-eabi/lib/thumb/v7e-m/fpv4-sp/hard\libc_nano.a
LOAD c:/st/stm32cubeide_1.3.0/stm32cubeide/plugins/com.st.stm32cube.ide.mcu.externaltools.gnu-tools-for-stm32.7-2018-q2-update.win32_1.5.0.202011040924/tools/bin/../lib/gcc/arm-none-eabi/7.3.1/../../../../arm-none-eabi/lib/thumb/v7e-m/fpv4-sp/hard\libnosys.a
END GROUP
LOAD c:/st/stm32cubeide_1.3.0/stm32cubeide/plugins/com.st.stm32cube.ide.mcu.externaltools.gnu-tools-for-stm32.7-2018-q2-update.win32_1.5.0.202011040924/tools/bin/../lib/gcc/arm-none-eabi/7.3.1/thumb/v7e-m/fpv4-sp/hard/crtend.o
LOAD c:/st/stm32cubeide_1.3.0/stm32cubeide/plugins/com.st.stm32cube.ide.mcu.externaltools.gnu-tools-for-stm32.7-2018-q2-update.win32_1.5.0.202011040924/tools/bin/../lib/gcc/arm-none-eabi/7.3.1/thumb/v7e-m/fpv4-sp/hard/crtn.o
                0x0000000020020000                _estack = (ORIGIN (RAM) + LENGTH (RAM))
                0x0000000000000200                _Min_Heap_Size = 0x200
                0x0000000000000400                _Min_Stack_Size = 0x400

.isr_vector     0x0000000008000000      0x198
                0x0000000008000000                . = ALIGN (0x4)
 *(.isr_vector)
 .isr_vector    0x0000000008000000      0x198 Startup/startup_stm32f411ceux.o
                0x0000000008000000                g_pfnVectors
                0x0000000008000198                . = ALIGN (0x4)

.text           0x00000000080001a0     0x596c
                0x00000000080001a0                . = ALIGN (0x4)
 *(.text)
 .text          0x00000000080001a0       0x40 c:/st/stm32cubeide_1.3.0/stm32cubeide/plugins/com.st.stm32cube.ide.mcu.externaltools.gnu-tools-for-stm32.7-2018-q2-update.win32_1.5.0.202011040924/tools/bin/../lib/gcc/arm-none-eabi/7.3.1/thumb/v7e-m/fpv4-sp/hard/crtbegin.o
 .text          0x00000000080001e0       0xa0 c:/st/stm32cubeide_1.3.0/stm32cubeide/plugins/com.st.stm32cube.ide.mcu.externaltools.gnu-tools-for-stm32.7-2018-q2-update.win32_1.5.0.202011040924/tools/bin/../lib/gcc/arm-none-eabi/7.3.1/../../../../arm-none-eabi/lib/thumb/v7e-m/fpv4-sp/hard\libc_nano.a(lib_a-memchr.o)
                0x00000000080001e0                memchr
 .text          0x0000000008000280       0x30 c:/st/stm32cubeide_1.3.0/stm32cubeide/plugins/com.st.stm32cube.ide.mcu.externaltools.gnu-tools-for-stm32.7-2018-q2-update.win32_1.5.0.202011040924/tools/bin/../lib/gcc/arm-none-eabi/7.3.1/thumb/v7e-m/fpv4-sp/hard\libgcc.a(_aeabi_uldivmod.o)
                0x0000000008000280                __aeabi_uldivmod
 .text          0x00000000080002b0      0x2cc c:/st/stm32cubeide_1.3.0/stm32cubeide/plugins/com.st.stm32cube.ide.mcu.externaltools.gnu-tools-for-stm32.7-2018-q2-update.win32_1.5.0.202011040924/tools/bin/../lib/gcc/arm-none-eabi/7.3.1/thumb/v7e-m/fpv4-sp/hard\libgcc.a(_udivmoddi4.o)
                0x00000000080002b0                __udivmoddi4
 .text          0x000000000800057c        0x4 c:/st/stm32cubeide_1.3.0/stm32cubeide/plugins/com.st.stm32cube.ide.mcu.externaltools.gnu-tools-for-stm32.7-2018-q2-update.win32_1.5.0.202011040924/tools/bin/../lib/gcc/arm-none-eabi/7.3.1/thumb/v7e-m/fpv4-sp/hard\libgcc.a(_dvmd_tls.o)
                0x000000000800057c                __aeabi_idiv0
                0x000000000800057c                __aeabi_ldiv0
 *(.text*)
 .text.HAL_Init
                0x0000000008000580       0x34 Drivers/STM32F4xx_HAL_Driver/Src/stm32f4xx_hal.o
                0x0000000008000580                HAL_Init
 .text.HAL_IncTick
                0x00000000080005b4       0x18 Drivers/STM32F4xx_HAL_Driver/Src/stm32f4xx_hal.o
                0x00000000080005b4                HAL_IncTick
 .text.HAL_GetTick
                0x00000000080005cc        0xc Drivers/STM32F4xx_HAL_Driver/Src/stm32f4xx_hal.o
                0x00000000080005cc                HAL_GetTick
 .text.HAL_Delay
                0x00000000080005d8       0x28 Drivers/STM32F4xx_HAL_Driver/Src/stm32f4xx_hal.o
                0x00000000080005d8                HAL_Delay
 .text.HAL_NVIC_SetPriorityGrouping
                0x0000000008000600       0x24 Drivers/STM32F4xx_HAL_Driver/Src/stm32f4xx_hal_cortex.o
                0x0000000008000600                HAL_NVIC_SetPriorityGrouping
 .text.HAL_NVIC_SetPriority
                0x0000000008000624       0x68 Drivers/STM32F4xx_HAL_Driver/Src/stm32f4xx_hal_cortex.o
                0x0000000008000624                HAL_NVIC_SetPriority
 .text.HAL_NVIC_EnableIRQ
                0x000000000800068c       0x1c Drivers/STM32F4xx_HAL_Driver/Src/stm32f4xx_hal_cortex.o
                0x000000000800068c                HAL_NVIC_EnableIRQ
 .text.HAL_GPIO_Init
                0x00000000080006a8      0x19c Drivers/STM32F4xx_HAL_Driver/Src/stm32f4xx_hal_gpio.o
                0x00000000080006a8                HAL_GPIO_Init
 .text.HAL_GPIO_ReadPin
                0x0000000008000844        0xc Drivers/STM32F4xx_HAL_Driver/Src/stm32f4xx_hal_gpio.o
                0x0000000008000844                HAL_GPIO_ReadPin
 .text.HAL_GPIO_WritePin
                0x0000000008000850        0xa Drivers/STM32F4xx_HAL_Driver/Src/stm32f4xx_hal_gpio.o
                0x0000000008000850                HAL_GPIO_WritePin
 .text.HAL_PCD_Init
                0x000000000800085a      0x10e Drivers/STM32F4xx_HAL_Driver/Src/stm32f4xx_hal_pcd.o
                0x000000000800085a                HAL_PCD_Init
 .text.HAL_PCD_Start
                0x0000000008000968       0x3e Drivers/STM32F4xx_HAL_Driver/Src/stm32f4xx_hal_pcd.o
                0x0000000008000968                HAL_PCD_Start
 *fill*         0x00000000080009a6        0x2 
 .text.HAL_PCD_IRQHandler
                0x00000000080009a8      0x570 Drivers/STM32F4xx_HAL_Driver/Src/stm32f4xx_hal_pcd.o
                0x00000000080009a8                HAL_PCD_IRQHandler
 .text.HAL_PCD_SetAddress
                0x0000000008000f18       0x28 Drivers/STM32F4xx_HAL_Driver/Src/stm32f4xx_hal_pcd.o
                0x0000000008000f18                HAL_PCD_SetAddress
 .text.HAL_PCD_EP_Open
                0x0000000008000f40       0x70 Drivers/STM32F4xx_HAL_Driver/Src/stm32f4xx_hal_pcd.o
                0x0000000008000f40                HAL_PCD_EP_Open
 .text.HAL_PCD_EP_Close
                0x0000000008000fb0       0x5e Drivers/STM32F4xx_HAL_Driver/Src/stm32f4xx_hal_pcd.o
                0x0000000008000fb0                HAL_PCD_EP_Close
 .text.HAL_PCD_EP_Receive
                0x000000000800100e       0x48 Drivers/STM32F4xx_HAL_Driver/Src/stm32f4xx_hal_pcd.o
                0x000000000800100e                HAL_PCD_EP_Receive
 .text.HAL_PCD_EP_GetRxCount
                0x0000000008001056       0x10 Drivers/STM32F4xx_HAL_Driver/Src/stm32f4xx_hal_pcd.o
                0x0000000008001056                HAL_PCD_EP_GetRxCount
 .text.HAL_PCD_EP_Transmit
                0x0000000008001066       0x40 Drivers/STM32F4xx_HAL_Driver/Src/stm32f4xx_hal_pcd.o
                0x0000000008001066                HAL_PCD_EP_Transmit
 .text.HAL_PCD_EP_SetStall
                0x00000000080010a6       0x74 Drivers/STM32F4xx_HAL_Driver/Src/stm32f4xx_hal_pcd.o
                0x00000000080010a6                HAL_PCD_EP_SetStall
 .text.HAL_PCD_EP_ClrStall
                0x000000000800111a       0x6c Drivers/STM32F4xx_HAL_Driver/Src/stm32f4xx_hal_pcd.o
                0x000000000800111a                HAL_PCD_EP_ClrStall
 .text.HAL_PCDEx_SetTxFiFo
                0x0000000008001186       0x40 Drivers/STM32F4xx_HAL_Driver/Src/stm32f4xx_hal_pcd_ex.o
                0x0000000008001186                HAL_PCDEx_SetTxFiFo
 .text.HAL_PCDEx_SetRxFiFo
                0x00000000080011c6        0x8 Drivers/STM32F4xx_HAL_Driver/Src/stm32f4xx_hal_pcd_ex.o
                0x00000000080011c6                HAL_PCDEx_SetRxFiFo
 .text.HAL_PCDEx_LPM_Callback
                0x00000000080011ce        0x2 Drivers/STM32F4xx_HAL_Driver/Src/stm32f4xx_hal_pcd_ex.o
                0x00000000080011ce                HAL_PCDEx_LPM_Callback
 .text.HAL_RCC_OscConfig
                0x00000000080011d0      0x34c Drivers/STM32F4xx_HAL_Driver/Src/stm32f4xx_hal_rcc.o
                0x00000000080011d0                HAL_RCC_OscConfig
 .text.HAL_RCC_GetSysClockFreq
                0x000000000800151c       0x5c Drivers/STM32F4xx_HAL_Driver/Src/stm32f4xx_hal_rcc.o
                0x000000000800151c                HAL_RCC_GetSysClockFreq
 .text.HAL_RCC_ClockConfig
                0x0000000008001578      0x134 Drivers/STM32F4xx_HAL_Driver/Src/stm32f4xx_hal_rcc.o
                0x0000000008001578                HAL_RCC_ClockConfig
 .text.HAL_RCC_GetHCLKFreq
                0x00000000080016ac        0xc Drivers/STM32F4xx_HAL_Driver/Src/stm32f4xx_hal_rcc.o
                0x00000000080016ac                HAL_RCC_GetHCLKFreq
 .text.HAL_RCC_GetPCLK2Freq
                0x00000000080016b8       0x20 Drivers/STM32F4xx_HAL_Driver/Src/stm32f4xx_hal_rcc.o
                0x00000000080016b8                HAL_RCC_GetPCLK2Freq
 .text.HAL_RCC_GetClockConfig
                0x00000000080016d8       0x3c Drivers/STM32F4xx_HAL_Driver/Src/stm32f4xx_hal_rcc.o
                0x00000000080016d8                HAL_RCC_GetClockConfig
 .text.HAL_TIM_Base_MspInit
                0x0000000008001714        0x2 Drivers/STM32F4xx_HAL_Driver/Src/stm32f4xx_hal_tim.o
                0x0000000008001714                HAL_TIM_Base_MspInit
 .text.HAL_TIM_Base_Start_IT
                0x0000000008001716       0x20 Drivers/STM32F4xx_HAL_Driver/Src/stm32f4xx_hal_tim.o
                0x0000000008001716                HAL_TIM_Base_Start_IT
 .text.HAL_TIM_OC_DelayElapsedCallback
                0x0000000008001736        0x2 Drivers/STM32F4xx_HAL_Driver/Src/stm32f4xx_hal_tim.o
                0x0000000008001736                HAL_TIM_OC_DelayElapsedCallback
 .text.HAL_TIM_IC_CaptureCallback
                0x0000000008001738        0x2 Drivers/STM32F4xx_HAL_Driver/Src/stm32f4xx_hal_tim.o
                0x0000000008001738                HAL_TIM_IC_CaptureCallback
 .text.HAL_TIM_PWM_PulseFinishedCallback
                0x000000000800173a        0x2 Drivers/STM32F4xx_HAL_Driver/Src/stm32f4xx_hal_tim.o
                0x000000000800173a                HAL_TIM_PWM_PulseFinishedCallback
 .text.HAL_TIM_TriggerCallback
                0x000000000800173c        0x2 Drivers/STM32F4xx_HAL_Driver/Src/stm32f4xx_hal_tim.o
                0x000000000800173c                HAL_TIM_TriggerCallback
 .text.HAL_TIM_IRQHandler
                0x000000000800173e      0x144 Drivers/STM32F4xx_HAL_Driver/Src/stm32f4xx_hal_tim.o
                0x000000000800173e                HAL_TIM_IRQHandler
 *fill*         0x0000000008001882        0x2 
 .text.TIM_Base_SetConfig
                0x0000000008001884       0x9c Drivers/STM32F4xx_HAL_Driver/Src/stm32f4xx_hal_tim.o
                0x0000000008001884                TIM_Base_SetConfig
 .text.HAL_TIM_Base_Init
                0x0000000008001920       0x34 Drivers/STM32F4xx_HAL_Driver/Src/stm32f4xx_hal_tim.o
                0x0000000008001920                HAL_TIM_Base_Init
 .text.HAL_TIMEx_CommutCallback
                0x0000000008001954        0x2 Drivers/STM32F4xx_HAL_Driver/Src/stm32f4xx_hal_tim_ex.o
                0x0000000008001954                HAL_TIMEx_CommutCallback
 .text.HAL_TIMEx_BreakCallback
                0x0000000008001956        0x2 Drivers/STM32F4xx_HAL_Driver/Src/stm32f4xx_hal_tim_ex.o
                0x0000000008001956                HAL_TIMEx_BreakCallback
 .text.USB_CoreReset
                0x0000000008001958       0x30 Drivers/STM32F4xx_HAL_Driver/Src/stm32f4xx_ll_usb.o
 .text.USB_CoreInit
                0x0000000008001988       0x80 Drivers/STM32F4xx_HAL_Driver/Src/stm32f4xx_ll_usb.o
                0x0000000008001988                USB_CoreInit
 .text.USB_SetTurnaroundTime
                0x0000000008001a08       0xe8 Drivers/STM32F4xx_HAL_Driver/Src/stm32f4xx_ll_usb.o
                0x0000000008001a08                USB_SetTurnaroundTime
 .text.USB_EnableGlobalInt
                0x0000000008001af0        0xc Drivers/STM32F4xx_HAL_Driver/Src/stm32f4xx_ll_usb.o
                0x0000000008001af0                USB_EnableGlobalInt
 .text.USB_DisableGlobalInt
                0x0000000008001afc        0xc Drivers/STM32F4xx_HAL_Driver/Src/stm32f4xx_ll_usb.o
                0x0000000008001afc                USB_DisableGlobalInt
 .text.USB_SetCurrentMode
                0x0000000008001b08       0x2e Drivers/STM32F4xx_HAL_Driver/Src/stm32f4xx_ll_usb.o
                0x0000000008001b08                USB_SetCurrentMode
 *fill*         0x0000000008001b36        0x2 
 .text.USB_FlushTxFifo
                0x0000000008001b38       0x24 Drivers/STM32F4xx_HAL_Driver/Src/stm32f4xx_ll_usb.o
                0x0000000008001b38                USB_FlushTxFifo
 .text.USB_FlushRxFifo
                0x0000000008001b5c       0x20 Drivers/STM32F4xx_HAL_Driver/Src/stm32f4xx_ll_usb.o
                0x0000000008001b5c                USB_FlushRxFifo
 .text.USB_SetDevSpeed
                0x0000000008001b7c        0xe Drivers/STM32F4xx_HAL_Driver/Src/stm32f4xx_ll_usb.o
                0x0000000008001b7c                USB_SetDevSpeed
 *fill*         0x0000000008001b8a        0x2 
 .text.USB_DevInit
                0x0000000008001b8c      0x174 Drivers/STM32F4xx_HAL_Driver/Src/stm32f4xx_ll_usb.o
                0x0000000008001b8c                USB_DevInit
 .text.USB_GetDevSpeed
                0x0000000008001d00       0x16 Drivers/STM32F4xx_HAL_Driver/Src/stm32f4xx_ll_usb.o
                0x0000000008001d00                USB_GetDevSpeed
 .text.USB_ActivateEndpoint
                0x0000000008001d16       0x7c Drivers/STM32F4xx_HAL_Driver/Src/stm32f4xx_ll_usb.o
                0x0000000008001d16                USB_ActivateEndpoint
 *fill*         0x0000000008001d92        0x2 
 .text.USB_DeactivateEndpoint
                0x0000000008001d94       0xa4 Drivers/STM32F4xx_HAL_Driver/Src/stm32f4xx_ll_usb.o
                0x0000000008001d94                USB_DeactivateEndpoint
 .text.USB_EP0StartXfer
                0x0000000008001e38       0xe8 Drivers/STM32F4xx_HAL_Driver/Src/stm32f4xx_ll_usb.o
                0x0000000008001e38                USB_EP0StartXfer
 .text.USB_WritePacket
                0x0000000008001f20       0x28 Drivers/STM32F4xx_HAL_Driver/Src/stm32f4xx_ll_usb.o
                0x0000000008001f20                USB_WritePacket
 .text.USB_EPStartXfer
                0x0000000008001f48      0x1b0 Drivers/STM32F4xx_HAL_Driver/Src/stm32f4xx_ll_usb.o
                0x0000000008001f48                USB_EPStartXfer
 .text.USB_ReadPacket
                0x00000000080020f8       0x1c Drivers/STM32F4xx_HAL_Driver/Src/stm32f4xx_ll_usb.o
                0x00000000080020f8                USB_ReadPacket
 .text.USB_EPSetStall
                0x0000000008002114       0x56 Drivers/STM32F4xx_HAL_Driver/Src/stm32f4xx_ll_usb.o
                0x0000000008002114                USB_EPSetStall
 .text.USB_EPClearStall
                0x000000000800216a       0x52 Drivers/STM32F4xx_HAL_Driver/Src/stm32f4xx_ll_usb.o
                0x000000000800216a                USB_EPClearStall
 .text.USB_SetDevAddress
                0x00000000080021bc       0x20 Drivers/STM32F4xx_HAL_Driver/Src/stm32f4xx_ll_usb.o
                0x00000000080021bc                USB_SetDevAddress
 .text.USB_DevConnect
                0x00000000080021dc       0x1c Drivers/STM32F4xx_HAL_Driver/Src/stm32f4xx_ll_usb.o
                0x00000000080021dc                USB_DevConnect
 .text.USB_DevDisconnect
                0x00000000080021f8       0x1c Drivers/STM32F4xx_HAL_Driver/Src/stm32f4xx_ll_usb.o
                0x00000000080021f8                USB_DevDisconnect
 .text.USB_ReadInterrupts
                0x0000000008002214        0x8 Drivers/STM32F4xx_HAL_Driver/Src/stm32f4xx_ll_usb.o
                0x0000000008002214                USB_ReadInterrupts
 .text.USB_ReadDevAllOutEpInterrupt
                0x000000000800221c       0x10 Drivers/STM32F4xx_HAL_Driver/Src/stm32f4xx_ll_usb.o
                0x000000000800221c                USB_ReadDevAllOutEpInterrupt
 .text.USB_ReadDevAllInEpInterrupt
                0x000000000800222c       0x10 Drivers/STM32F4xx_HAL_Driver/Src/stm32f4xx_ll_usb.o
                0x000000000800222c                USB_ReadDevAllInEpInterrupt
 .text.USB_ReadDevOutEPInterrupt
                0x000000000800223c       0x12 Drivers/STM32F4xx_HAL_Driver/Src/stm32f4xx_ll_usb.o
                0x000000000800223c                USB_ReadDevOutEPInterrupt
 .text.USB_ReadDevInEPInterrupt
                0x000000000800224e       0x24 Drivers/STM32F4xx_HAL_Driver/Src/stm32f4xx_ll_usb.o
                0x000000000800224e                USB_ReadDevInEPInterrupt
 .text.USB_GetMode
                0x0000000008002272        0x8 Drivers/STM32F4xx_HAL_Driver/Src/stm32f4xx_ll_usb.o
                0x0000000008002272                USB_GetMode
 .text.USB_ActivateSetup
                0x000000000800227a       0x20 Drivers/STM32F4xx_HAL_Driver/Src/stm32f4xx_ll_usb.o
                0x000000000800227a                USB_ActivateSetup
 *fill*         0x000000000800229a        0x2 
 .text.USB_EP0_OutStart
                0x000000000800229c       0x4c Drivers/STM32F4xx_HAL_Driver/Src/stm32f4xx_ll_usb.o
                0x000000000800229c                USB_EP0_OutStart
 .text.USBD_CDC_EP0_RxReady
                0x00000000080022e8       0x28 Middlewares/ST/STM32_USB_Device_Library/Class/CDC/Src/usbd_cdc.o
 .text.USBD_CDC_GetFSCfgDesc
                0x0000000008002310        0xc Middlewares/ST/STM32_USB_Device_Library/Class/CDC/Src/usbd_cdc.o
 .text.USBD_CDC_GetHSCfgDesc
                0x000000000800231c        0xc Middlewares/ST/STM32_USB_Device_Library/Class/CDC/Src/usbd_cdc.o
 .text.USBD_CDC_GetOtherSpeedCfgDesc
                0x0000000008002328        0xc Middlewares/ST/STM32_USB_Device_Library/Class/CDC/Src/usbd_cdc.o
 .text.USBD_CDC_GetDeviceQualifierDescriptor
                0x0000000008002334        0xc Middlewares/ST/STM32_USB_Device_Library/Class/CDC/Src/usbd_cdc.o
                0x0000000008002334                USBD_CDC_GetDeviceQualifierDescriptor
 .text.USBD_CDC_DataOut
                0x0000000008002340       0x2a Middlewares/ST/STM32_USB_Device_Library/Class/CDC/Src/usbd_cdc.o
 .text.USBD_CDC_DataIn
                0x000000000800236a       0x5a Middlewares/ST/STM32_USB_Device_Library/Class/CDC/Src/usbd_cdc.o
 .text.USBD_CDC_Setup
                0x00000000080023c4       0xe0 Middlewares/ST/STM32_USB_Device_Library/Class/CDC/Src/usbd_cdc.o
 .text.USBD_CDC_DeInit
                0x00000000080024a4       0x42 Middlewares/ST/STM32_USB_Device_Library/Class/CDC/Src/usbd_cdc.o
 .text.USBD_CDC_Init
                0x00000000080024e6       0x9e Middlewares/ST/STM32_USB_Device_Library/Class/CDC/Src/usbd_cdc.o
 .text.USBD_CDC_RegisterInterface
                0x0000000008002584        0xe Middlewares/ST/STM32_USB_Device_Library/Class/CDC/Src/usbd_cdc.o
                0x0000000008002584                USBD_CDC_RegisterInterface
 .text.USBD_CDC_SetTxBuffer
                0x0000000008002592       0x10 Middlewares/ST/STM32_USB_Device_Library/Class/CDC/Src/usbd_cdc.o
                0x0000000008002592                USBD_CDC_SetTxBuffer
 .text.USBD_CDC_SetRxBuffer
                0x00000000080025a2        0xc Middlewares/ST/STM32_USB_Device_Library/Class/CDC/Src/usbd_cdc.o
                0x00000000080025a2                USBD_CDC_SetRxBuffer
 .text.USBD_CDC_TransmitPacket
                0x00000000080025ae       0x30 Middlewares/ST/STM32_USB_Device_Library/Class/CDC/Src/usbd_cdc.o
                0x00000000080025ae                USBD_CDC_TransmitPacket
 .text.USBD_CDC_ReceivePacket
                0x00000000080025de       0x26 Middlewares/ST/STM32_USB_Device_Library/Class/CDC/Src/usbd_cdc.o
                0x00000000080025de                USBD_CDC_ReceivePacket
 .text.USBD_Init
                0x0000000008002604       0x30 Middlewares/ST/STM32_USB_Device_Library/Core/Src/usbd_core.o
                0x0000000008002604                USBD_Init
 .text.USBD_RegisterClass
                0x0000000008002634       0x26 Middlewares/ST/STM32_USB_Device_Library/Core/Src/usbd_core.o
                0x0000000008002634                USBD_RegisterClass
 .text.USBD_Start
                0x000000000800265a        0x4 Middlewares/ST/STM32_USB_Device_Library/Core/Src/usbd_core.o
                0x000000000800265a                USBD_Start
 .text.USBD_SetClassConfig
                0x000000000800265e        0xe Middlewares/ST/STM32_USB_Device_Library/Core/Src/usbd_core.o
                0x000000000800265e                USBD_SetClassConfig
 .text.USBD_ClrClassConfig
                0x000000000800266c       0x10 Middlewares/ST/STM32_USB_Device_Library/Core/Src/usbd_core.o
                0x000000000800266c                USBD_ClrClassConfig
 .text.USBD_LL_SetupStage
                0x000000000800267c       0x60 Middlewares/ST/STM32_USB_Device_Library/Core/Src/usbd_core.o
                0x000000000800267c                USBD_LL_SetupStage
 .text.USBD_LL_DataOutStage
                0x00000000080026dc       0x66 Middlewares/ST/STM32_USB_Device_Library/Core/Src/usbd_core.o
                0x00000000080026dc                USBD_LL_DataOutStage
 .text.USBD_LL_DataInStage
                0x0000000008002742       0x9c Middlewares/ST/STM32_USB_Device_Library/Core/Src/usbd_core.o
                0x0000000008002742                USBD_LL_DataInStage
 .text.USBD_LL_Reset
                0x00000000080027de       0x50 Middlewares/ST/STM32_USB_Device_Library/Core/Src/usbd_core.o
                0x00000000080027de                USBD_LL_Reset
 .text.USBD_LL_SetSpeed
                0x000000000800282e        0x6 Middlewares/ST/STM32_USB_Device_Library/Core/Src/usbd_core.o
                0x000000000800282e                USBD_LL_SetSpeed
 .text.USBD_LL_Suspend
                0x0000000008002834       0x12 Middlewares/ST/STM32_USB_Device_Library/Core/Src/usbd_core.o
                0x0000000008002834                USBD_LL_Suspend
 .text.USBD_LL_Resume
                0x0000000008002846       0x14 Middlewares/ST/STM32_USB_Device_Library/Core/Src/usbd_core.o
                0x0000000008002846                USBD_LL_Resume
 .text.USBD_LL_SOF
                0x000000000800285a       0x18 Middlewares/ST/STM32_USB_Device_Library/Core/Src/usbd_core.o
                0x000000000800285a                USBD_LL_SOF
 .text.USBD_LL_IsoINIncomplete
                0x0000000008002872        0x4 Middlewares/ST/STM32_USB_Device_Library/Core/Src/usbd_core.o
                0x0000000008002872                USBD_LL_IsoINIncomplete
 .text.USBD_LL_IsoOUTIncomplete
                0x0000000008002876        0x4 Middlewares/ST/STM32_USB_Device_Library/Core/Src/usbd_core.o
                0x0000000008002876                USBD_LL_IsoOUTIncomplete
 .text.USBD_LL_DevConnected
                0x000000000800287a        0x4 Middlewares/ST/STM32_USB_Device_Library/Core/Src/usbd_core.o
                0x000000000800287a                USBD_LL_DevConnected
 .text.USBD_LL_DevDisconnected
                0x000000000800287e       0x18 Middlewares/ST/STM32_USB_Device_Library/Core/Src/usbd_core.o
                0x000000000800287e                USBD_LL_DevDisconnected
 .text.USBD_CtlError.constprop.1
                0x0000000008002896       0x16 Middlewares/ST/STM32_USB_Device_Library/Core/Src/usbd_ctlreq.o
 .text.USBD_StdDevReq
                0x00000000080028ac      0x280 Middlewares/ST/STM32_USB_Device_Library/Core/Src/usbd_ctlreq.o
                0x00000000080028ac                USBD_StdDevReq
 .text.USBD_StdItfReq
                0x0000000008002b2c       0x4e Middlewares/ST/STM32_USB_Device_Library/Core/Src/usbd_ctlreq.o
                0x0000000008002b2c                USBD_StdItfReq
 .text.USBD_StdEPReq
                0x0000000008002b7a      0x124 Middlewares/ST/STM32_USB_Device_Library/Core/Src/usbd_ctlreq.o
                0x0000000008002b7a                USBD_StdEPReq
 .text.USBD_ParseSetupRequest
                0x0000000008002c9e       0x28 Middlewares/ST/STM32_USB_Device_Library/Core/Src/usbd_ctlreq.o
                0x0000000008002c9e                USBD_ParseSetupRequest
 .text.USBD_CtlError
                0x0000000008002cc6       0x16 Middlewares/ST/STM32_USB_Device_Library/Core/Src/usbd_ctlreq.o
                0x0000000008002cc6                USBD_CtlError
 .text.USBD_GetString
                0x0000000008002cdc       0x38 Middlewares/ST/STM32_USB_Device_Library/Core/Src/usbd_ctlreq.o
                0x0000000008002cdc                USBD_GetString
 .text.USBD_CtlSendData
                0x0000000008002d14       0x1a Middlewares/ST/STM32_USB_Device_Library/Core/Src/usbd_ioreq.o
                0x0000000008002d14                USBD_CtlSendData
 .text.USBD_CtlContinueSendData
                0x0000000008002d2e       0x10 Middlewares/ST/STM32_USB_Device_Library/Core/Src/usbd_ioreq.o
                0x0000000008002d2e                USBD_CtlContinueSendData
 .text.USBD_CtlPrepareRx
                0x0000000008002d3e       0x1e Middlewares/ST/STM32_USB_Device_Library/Core/Src/usbd_ioreq.o
                0x0000000008002d3e                USBD_CtlPrepareRx
 .text.USBD_CtlContinueRx
                0x0000000008002d5c       0x10 Middlewares/ST/STM32_USB_Device_Library/Core/Src/usbd_ioreq.o
                0x0000000008002d5c                USBD_CtlContinueRx
 .text.USBD_CtlSendStatus
                0x0000000008002d6c       0x16 Middlewares/ST/STM32_USB_Device_Library/Core/Src/usbd_ioreq.o
                0x0000000008002d6c                USBD_CtlSendStatus
 .text.USBD_CtlReceiveStatus
                0x0000000008002d82       0x16 Middlewares/ST/STM32_USB_Device_Library/Core/Src/usbd_ioreq.o
                0x0000000008002d82                USBD_CtlReceiveStatus
 .text.osKernelInitialize
                0x0000000008002d98       0x34 Middlewares/Third_Party/FreeRTOS/Source/CMSIS_RTOS_V2/cmsis_os2.o
                0x0000000008002d98                osKernelInitialize
 .text.osKernelStart
                0x0000000008002dcc       0x40 Middlewares/Third_Party/FreeRTOS/Source/CMSIS_RTOS_V2/cmsis_os2.o
                0x0000000008002dcc                osKernelStart
 .text.osThreadNew
                0x0000000008002e0c       0xac Middlewares/Third_Party/FreeRTOS/Source/CMSIS_RTOS_V2/cmsis_os2.o
                0x0000000008002e0c                osThreadNew
 .text.osDelay  0x0000000008002eb8       0x34 Middlewares/Third_Party/FreeRTOS/Source/CMSIS_RTOS_V2/cmsis_os2.o
                0x0000000008002eb8                osDelay
 .text.vApplicationGetIdleTaskMemory
                0x0000000008002eec       0x18 Middlewares/Third_Party/FreeRTOS/Source/CMSIS_RTOS_V2/cmsis_os2.o
                0x0000000008002eec                vApplicationGetIdleTaskMemory
 .text.vApplicationGetTimerTaskMemory
                0x0000000008002f04       0x18 Middlewares/Third_Party/FreeRTOS/Source/CMSIS_RTOS_V2/cmsis_os2.o
                0x0000000008002f04                vApplicationGetTimerTaskMemory
 .text.vListInitialise
                0x0000000008002f1c       0x16 Middlewares/Third_Party/FreeRTOS/Source/list.o
                0x0000000008002f1c                vListInitialise
 .text.vListInitialiseItem
                0x0000000008002f32        0x6 Middlewares/Third_Party/FreeRTOS/Source/list.o
                0x0000000008002f32                vListInitialiseItem
 .text.vListInsertEnd
                0x0000000008002f38       0x18 Middlewares/Third_Party/FreeRTOS/Source/list.o
                0x0000000008002f38                vListInsertEnd
 .text.vListInsert
                0x0000000008002f50       0x2e Middlewares/Third_Party/FreeRTOS/Source/list.o
                0x0000000008002f50                vListInsert
 .text.uxListRemove
                0x0000000008002f7e       0x22 Middlewares/Third_Party/FreeRTOS/Source/list.o
                0x0000000008002f7e                uxListRemove
 .text.prvIsQueueEmpty
                0x0000000008002fa0       0x16 Middlewares/Third_Party/FreeRTOS/Source/queue.o
 .text.prvCopyDataToQueue
                0x0000000008002fb6       0x66 Middlewares/Third_Party/FreeRTOS/Source/queue.o
 .text.prvCopyDataFromQueue
                0x000000000800301c       0x2a Middlewares/Third_Party/FreeRTOS/Source/queue.o
 .text.prvUnlockQueue
                0x0000000008003046       0x70 Middlewares/Third_Party/FreeRTOS/Source/queue.o
 *fill*         0x00000000080030b6        0x2 
 .text.xQueueGenericReset
                0x00000000080030b8       0x80 Middlewares/Third_Party/FreeRTOS/Source/queue.o
                0x00000000080030b8                xQueueGenericReset
 .text.xQueueGenericCreateStatic
                0x0000000008003138       0x9c Middlewares/Third_Party/FreeRTOS/Source/queue.o
                0x0000000008003138                xQueueGenericCreateStatic
 .text.xQueueGenericSend
                0x00000000080031d4      0x164 Middlewares/Third_Party/FreeRTOS/Source/queue.o
                0x00000000080031d4                xQueueGenericSend
 .text.xQueueGenericSendFromISR
                0x0000000008003338       0xc2 Middlewares/Third_Party/FreeRTOS/Source/queue.o
                0x0000000008003338                xQueueGenericSendFromISR
 *fill*         0x00000000080033fa        0x2 
 .text.xQueueReceive
                0x00000000080033fc      0x140 Middlewares/Third_Party/FreeRTOS/Source/queue.o
                0x00000000080033fc                xQueueReceive
 .text.vQueueAddToRegistry
                0x000000000800353c       0x24 Middlewares/Third_Party/FreeRTOS/Source/queue.o
                0x000000000800353c                vQueueAddToRegistry
 .text.vQueueWaitForMessageRestricted
                0x0000000008003560       0x46 Middlewares/Third_Party/FreeRTOS/Source/queue.o
                0x0000000008003560                vQueueWaitForMessageRestricted
 *fill*         0x00000000080035a6        0x2 
 .text.prvAddNewTaskToReadyList
                0x00000000080035a8      0x100 Middlewares/Third_Party/FreeRTOS/Source/tasks.o
 .text.prvDeleteTCB
                0x00000000080036a8       0x36 Middlewares/Third_Party/FreeRTOS/Source/tasks.o
 *fill*         0x00000000080036de        0x2 
 .text.prvIdleTask
                0x00000000080036e0       0x64 Middlewares/Third_Party/FreeRTOS/Source/tasks.o
 .text.prvResetNextTaskUnblockTime
                0x0000000008003744       0x24 Middlewares/Third_Party/FreeRTOS/Source/tasks.o
 .text.prvInitialiseNewTask.isra.2
                0x0000000008003768       0x96 Middlewares/Third_Party/FreeRTOS/Source/tasks.o
 *fill*         0x00000000080037fe        0x2 
 .text.prvAddCurrentTaskToDelayedList
                0x0000000008003800       0x74 Middlewares/Third_Party/FreeRTOS/Source/tasks.o
 .text.xTaskCreateStatic
                0x0000000008003874       0x70 Middlewares/Third_Party/FreeRTOS/Source/tasks.o
                0x0000000008003874                xTaskCreateStatic
 .text.xTaskCreate
                0x00000000080038e4       0x5a Middlewares/Third_Party/FreeRTOS/Source/tasks.o
                0x00000000080038e4                xTaskCreate
 *fill*         0x000000000800393e        0x2 
 .text.vTaskStartScheduler
                0x0000000008003940       0x88 Middlewares/Third_Party/FreeRTOS/Source/tasks.o
                0x0000000008003940                vTaskStartScheduler
 .text.vTaskSuspendAll
                0x00000000080039c8       0x10 Middlewares/Third_Party/FreeRTOS/Source/tasks.o
                0x00000000080039c8                vTaskSuspendAll
 .text.xTaskGetTickCount
                0x00000000080039d8        0xc Middlewares/Third_Party/FreeRTOS/Source/tasks.o
                0x00000000080039d8                xTaskGetTickCount
 .text.xTaskIncrementTick
                0x00000000080039e4      0x120 Middlewares/Third_Party/FreeRTOS/Source/tasks.o
                0x00000000080039e4                xTaskIncrementTick
 .text.xTaskResumeAll
                0x0000000008003b04       0xe8 Middlewares/Third_Party/FreeRTOS/Source/tasks.o
                0x0000000008003b04                xTaskResumeAll
 .text.vTaskDelay
                0x0000000008003bec       0x48 Middlewares/Third_Party/FreeRTOS/Source/tasks.o
                0x0000000008003bec                vTaskDelay
 .text.vTaskSwitchContext
                0x0000000008003c34       0x78 Middlewares/Third_Party/FreeRTOS/Source/tasks.o
                0x0000000008003c34                vTaskSwitchContext
 .text.vTaskPlaceOnEventList
                0x0000000008003cac       0x34 Middlewares/Third_Party/FreeRTOS/Source/tasks.o
                0x0000000008003cac                vTaskPlaceOnEventList
 .text.vTaskPlaceOnEventListRestricted
                0x0000000008003ce0       0x3c Middlewares/Third_Party/FreeRTOS/Source/tasks.o
                0x0000000008003ce0                vTaskPlaceOnEventListRestricted
 .text.xTaskRemoveFromEventList
                0x0000000008003d1c       0x80 Middlewares/Third_Party/FreeRTOS/Source/tasks.o
                0x0000000008003d1c                xTaskRemoveFromEventList
 .text.vTaskInternalSetTimeOutState
                0x0000000008003d9c       0x18 Middlewares/Third_Party/FreeRTOS/Source/tasks.o
                0x0000000008003d9c                vTaskInternalSetTimeOutState
 .text.xTaskCheckForTimeOut
                0x0000000008003db4       0x78 Middlewares/Third_Party/FreeRTOS/Source/tasks.o
                0x0000000008003db4                xTaskCheckForTimeOut
 .text.vTaskMissedYield
                0x0000000008003e2c        0xc Middlewares/Third_Party/FreeRTOS/Source/tasks.o
                0x0000000008003e2c                vTaskMissedYield
 .text.xTaskGetSchedulerState
                0x0000000008003e38       0x20 Middlewares/Third_Party/FreeRTOS/Source/tasks.o
                0x0000000008003e38                xTaskGetSchedulerState
 .text.xTaskPriorityDisinherit
                0x0000000008003e58       0x84 Middlewares/Third_Party/FreeRTOS/Source/tasks.o
                0x0000000008003e58                xTaskPriorityDisinherit
 .text.prvCheckForValidListAndQueue
                0x0000000008003edc       0x68 Middlewares/Third_Party/FreeRTOS/Source/timers.o
 .text.prvInsertTimerInActiveList
                0x0000000008003f44       0x3c Middlewares/Third_Party/FreeRTOS/Source/timers.o
 .text.xTimerCreateTimerTask
                0x0000000008003f80       0x64 Middlewares/Third_Party/FreeRTOS/Source/timers.o
                0x0000000008003f80                xTimerCreateTimerTask
 .text.xTimerGenericCommand
                0x0000000008003fe4       0x58 Middlewares/Third_Party/FreeRTOS/Source/timers.o
                0x0000000008003fe4                xTimerGenericCommand
 .text.prvSwitchTimerLists
                0x000000000800403c       0x80 Middlewares/Third_Party/FreeRTOS/Source/timers.o
 .text.prvTimerTask
                0x00000000080040bc      0x220 Middlewares/Third_Party/FreeRTOS/Source/timers.o
 .text.prvTaskExitError
                0x00000000080042dc       0x40 Middlewares/Third_Party/FreeRTOS/Source/portable/GCC/ARM_CM4F/port.o
 .text.unlikely.prvPortStartFirstTask
                0x000000000800431c       0x28 Middlewares/Third_Party/FreeRTOS/Source/portable/GCC/ARM_CM4F/port.o
 .text.unlikely.vPortEnableVFP
                0x0000000008004344       0x14 Middlewares/Third_Party/FreeRTOS/Source/portable/GCC/ARM_CM4F/port.o
 .text.pxPortInitialiseStack
                0x0000000008004358       0x2c Middlewares/Third_Party/FreeRTOS/Source/portable/GCC/ARM_CM4F/port.o
                0x0000000008004358                pxPortInitialiseStack
 *fill*         0x0000000008004384        0xc 
 .text.SVC_Handler
                0x0000000008004390       0x24 Middlewares/Third_Party/FreeRTOS/Source/portable/GCC/ARM_CM4F/port.o
                0x0000000008004390                SVC_Handler
 .text.vPortEnterCritical
                0x00000000080043b4       0x44 Middlewares/Third_Party/FreeRTOS/Source/portable/GCC/ARM_CM4F/port.o
                0x00000000080043b4                vPortEnterCritical
 .text.vPortExitCritical
                0x00000000080043f8       0x28 Middlewares/Third_Party/FreeRTOS/Source/portable/GCC/ARM_CM4F/port.o
                0x00000000080043f8                vPortExitCritical
 .text.PendSV_Handler
                0x0000000008004420       0x64 Middlewares/Third_Party/FreeRTOS/Source/portable/GCC/ARM_CM4F/port.o
                0x0000000008004420                PendSV_Handler
 .text.SysTick_Handler
                0x0000000008004484       0x2c Middlewares/Third_Party/FreeRTOS/Source/portable/GCC/ARM_CM4F/port.o
                0x0000000008004484                SysTick_Handler
 .text.vPortSetupTimerInterrupt
                0x00000000080044b0       0x34 Middlewares/Third_Party/FreeRTOS/Source/portable/GCC/ARM_CM4F/port.o
                0x00000000080044b0                vPortSetupTimerInterrupt
 .text.xPortStartScheduler
                0x00000000080044e4      0x10c Middlewares/Third_Party/FreeRTOS/Source/portable/GCC/ARM_CM4F/port.o
                0x00000000080044e4                xPortStartScheduler
 .text.vPortValidateInterruptPriority
                0x00000000080045f0       0x5c Middlewares/Third_Party/FreeRTOS/Source/portable/GCC/ARM_CM4F/port.o
                0x00000000080045f0                vPortValidateInterruptPriority
 .text.unlikely.prvInsertBlockIntoFreeList
                0x000000000800464c       0x48 Middlewares/Third_Party/FreeRTOS/Source/portable/MemMang/heap_4.o
 .text.pvPortMalloc
                0x0000000008004694      0x118 Middlewares/Third_Party/FreeRTOS/Source/portable/MemMang/heap_4.o
                0x0000000008004694                pvPortMalloc
 .text.vPortFree
                0x00000000080047ac       0x70 Middlewares/Third_Party/FreeRTOS/Source/portable/MemMang/heap_4.o
                0x00000000080047ac                vPortFree
 .text.ButtonTask
                0x000000000800481c       0x34 Src/main.o
                0x000000000800481c                ButtonTask
 .text.LedTask  0x0000000008004850       0xb8 Src/main.o
                0x0000000008004850                LedTask
 .text.USBTask  0x0000000008004908       0xf4 Src/main.o
                0x0000000008004908                USBTask
 .text.SystemClock_Config
                0x00000000080049fc       0x94 Src/main.o
                0x00000000080049fc                SystemClock_Config
 .text.startup.main
                0x0000000008004a90      0x154 Src/main.o
                0x0000000008004a90                main
 .text.HAL_TIM_PeriodElapsedCallback
                0x0000000008004be4       0x14 Src/main.o
                0x0000000008004be4                HAL_TIM_PeriodElapsedCallback
 .text.Error_Handler
                0x0000000008004bf8        0x2 Src/main.o
                0x0000000008004bf8                Error_Handler
 *fill*         0x0000000008004bfa        0x2 
 .text.HAL_MspInit
                0x0000000008004bfc       0x40 Src/stm32f4xx_hal_msp.o
                0x0000000008004bfc                HAL_MspInit
 .text.HAL_InitTick
                0x0000000008004c3c       0x78 Src/stm32f4xx_hal_timebase_tim.o
                0x0000000008004c3c                HAL_InitTick
 .text.NMI_Handler
                0x0000000008004cb4        0x2 Src/stm32f4xx_it.o
                0x0000000008004cb4                NMI_Handler
 .text.HardFault_Handler
                0x0000000008004cb6        0x2 Src/stm32f4xx_it.o
                0x0000000008004cb6                HardFault_Handler
 .text.MemManage_Handler
                0x0000000008004cb8        0x2 Src/stm32f4xx_it.o
                0x0000000008004cb8                MemManage_Handler
 .text.BusFault_Handler
                0x0000000008004cba        0x2 Src/stm32f4xx_it.o
                0x0000000008004cba                BusFault_Handler
 .text.UsageFault_Handler
                0x0000000008004cbc        0x2 Src/stm32f4xx_it.o
                0x0000000008004cbc                UsageFault_Handler
 .text.DebugMon_Handler
                0x0000000008004cbe        0x2 Src/stm32f4xx_it.o
                0x0000000008004cbe                DebugMon_Handler
 .text.TIM1_UP_TIM10_IRQHandler
                0x0000000008004cc0        0xc Src/stm32f4xx_it.o
                0x0000000008004cc0                TIM1_UP_TIM10_IRQHandler
 .text.OTG_FS_IRQHandler
                0x0000000008004ccc        0xc Src/stm32f4xx_it.o
                0x0000000008004ccc                OTG_FS_IRQHandler
 .text._sbrk    0x0000000008004cd8       0x34 Src/sysmem.o
                0x0000000008004cd8                _sbrk
 .text.SystemInit
                0x0000000008004d0c       0x1c Src/system_stm32f4xx.o
                0x0000000008004d0c                SystemInit
 .text.MX_USB_DEVICE_Init
                0x0000000008004d28       0x50 Src/usb_device.o
                0x0000000008004d28                MX_USB_DEVICE_Init
 .text.CDC_DeInit_FS
                0x0000000008004d78        0x4 Src/usbd_cdc_if.o
 .text.CDC_Control_FS
                0x0000000008004d7c        0x4 Src/usbd_cdc_if.o
 .text.CDC_TransmitCplt_FS
                0x0000000008004d80        0x4 Src/usbd_cdc_if.o
 .text.CDC_Receive_FS
                0x0000000008004d84       0x48 Src/usbd_cdc_if.o
 .text.CDC_Init_FS
                0x0000000008004dcc       0x28 Src/usbd_cdc_if.o
 .text.CDC_Transmit_FS
                0x0000000008004df4       0x2c Src/usbd_cdc_if.o
                0x0000000008004df4                CDC_Transmit_FS
 .text.HAL_PCD_MspInit
                0x0000000008004e20       0x84 Src/usbd_conf.o
                0x0000000008004e20                HAL_PCD_MspInit
 .text.HAL_PCD_SetupStageCallback
                0x0000000008004ea4        0xc Src/usbd_conf.o
                0x0000000008004ea4                HAL_PCD_SetupStageCallback
 .text.HAL_PCD_DataOutStageCallback
                0x0000000008004eb0       0x12 Src/usbd_conf.o
                0x0000000008004eb0                HAL_PCD_DataOutStageCallback
 .text.HAL_PCD_DataInStageCallback
                0x0000000008004ec2       0x10 Src/usbd_conf.o
                0x0000000008004ec2                HAL_PCD_DataInStageCallback
 .text.HAL_PCD_SOFCallback
                0x0000000008004ed2        0x8 Src/usbd_conf.o
                0x0000000008004ed2                HAL_PCD_SOFCallback
 .text.HAL_PCD_ResetCallback
                0x0000000008004eda       0x24 Src/usbd_conf.o
                0x0000000008004eda                HAL_PCD_ResetCallback
 *fill*         0x0000000008004efe        0x2 
 .text.HAL_PCD_SuspendCallback
                0x0000000008004f00       0x30 Src/usbd_conf.o
                0x0000000008004f00                HAL_PCD_SuspendCallback
 .text.HAL_PCD_ResumeCallback
                0x0000000008004f30        0x8 Src/usbd_conf.o
                0x0000000008004f30                HAL_PCD_ResumeCallback
 .text.HAL_PCD_ISOOUTIncompleteCallback
                0x0000000008004f38        0x8 Src/usbd_conf.o
                0x0000000008004f38                HAL_PCD_ISOOUTIncompleteCallback
 .text.HAL_PCD_ISOINIncompleteCallback
                0x0000000008004f40        0x8 Src/usbd_conf.o
                0x0000000008004f40                HAL_PCD_ISOINIncompleteCallback
 .text.HAL_PCD_ConnectCallback
                0x0000000008004f48        0x8 Src/usbd_conf.o
                0x0000000008004f48                HAL_PCD_ConnectCallback
 .text.HAL_PCD_DisconnectCallback
                0x0000000008004f50        0x8 Src/usbd_conf.o
                0x0000000008004f50                HAL_PCD_DisconnectCallback
 .text.USBD_LL_Init
                0x0000000008004f58       0x5c Src/usbd_conf.o
                0x0000000008004f58                USBD_LL_Init
 .text.USBD_LL_Start
                0x0000000008004fb4       0x1c Src/usbd_conf.o
                0x0000000008004fb4                USBD_LL_Start
 .text.USBD_LL_OpenEP
                0x0000000008004fd0       0x20 Src/usbd_conf.o
                0x0000000008004fd0                USBD_LL_OpenEP
 .text.USBD_LL_CloseEP
                0x0000000008004ff0       0x1c Src/usbd_conf.o
                0x0000000008004ff0                USBD_LL_CloseEP
 .text.USBD_LL_StallEP
                0x000000000800500c       0x1c Src/usbd_conf.o
                0x000000000800500c                USBD_LL_StallEP
 .text.USBD_LL_ClearStallEP
                0x0000000008005028       0x1c Src/usbd_conf.o
                0x0000000008005028                USBD_LL_ClearStallEP
 .text.USBD_LL_IsStallEP
                0x0000000008005044       0x26 Src/usbd_conf.o
                0x0000000008005044                USBD_LL_IsStallEP
 *fill*         0x000000000800506a        0x2 
 .text.USBD_LL_SetUSBAddress
                0x000000000800506c       0x1c Src/usbd_conf.o
                0x000000000800506c                USBD_LL_SetUSBAddress
 .text.USBD_LL_Transmit
                0x0000000008005088       0x1c Src/usbd_conf.o
                0x0000000008005088                USBD_LL_Transmit
 .text.USBD_LL_PrepareReceive
                0x00000000080050a4       0x1c Src/usbd_conf.o
                0x00000000080050a4                USBD_LL_PrepareReceive
 .text.USBD_LL_GetRxDataSize
                0x00000000080050c0        0x8 Src/usbd_conf.o
                0x00000000080050c0                USBD_LL_GetRxDataSize
 .text.USBD_FS_DeviceDescriptor
                0x00000000080050c8        0xc Src/usbd_desc.o
                0x00000000080050c8                USBD_FS_DeviceDescriptor
 .text.USBD_FS_LangIDStrDescriptor
                0x00000000080050d4        0xc Src/usbd_desc.o
                0x00000000080050d4                USBD_FS_LangIDStrDescriptor
 .text.IntToUnicode
                0x00000000080050e0       0x2a Src/usbd_desc.o
 *fill*         0x000000000800510a        0x2 
 .text.USBD_FS_SerialStrDescriptor
                0x000000000800510c       0x40 Src/usbd_desc.o
                0x000000000800510c                USBD_FS_SerialStrDescriptor
 .text.USBD_FS_ManufacturerStrDescriptor
                0x000000000800514c       0x1c Src/usbd_desc.o
                0x000000000800514c                USBD_FS_ManufacturerStrDescriptor
 .text.USBD_FS_ProductStrDescriptor
                0x0000000008005168       0x1c Src/usbd_desc.o
                0x0000000008005168                USBD_FS_ProductStrDescriptor
 .text.USBD_FS_ConfigStrDescriptor
                0x0000000008005184       0x1c Src/usbd_desc.o
                0x0000000008005184                USBD_FS_ConfigStrDescriptor
 .text.USBD_FS_InterfaceStrDescriptor
                0x00000000080051a0       0x1c Src/usbd_desc.o
                0x00000000080051a0                USBD_FS_InterfaceStrDescriptor
 .text.Reset_Handler
                0x00000000080051bc       0x50 Startup/startup_stm32f411ceux.o
                0x00000000080051bc                Reset_Handler
 .text.Default_Handler
                0x000000000800520c        0x2 Startup/startup_stm32f411ceux.o
                0x000000000800520c                RTC_Alarm_IRQHandler
                0x000000000800520c                EXTI2_IRQHandler
                0x000000000800520c                SPI4_IRQHandler
                0x000000000800520c                TIM1_CC_IRQHandler
                0x000000000800520c                DMA2_Stream5_IRQHandler
                0x000000000800520c                DMA1_Stream5_IRQHandler
                0x000000000800520c                PVD_IRQHandler
                0x000000000800520c                SDIO_IRQHandler
                0x000000000800520c                TAMP_STAMP_IRQHandler
                0x000000000800520c                EXTI3_IRQHandler
                0x000000000800520c                I2C3_ER_IRQHandler
                0x000000000800520c                EXTI0_IRQHandler
                0x000000000800520c                I2C2_EV_IRQHandler
                0x000000000800520c                DMA1_Stream2_IRQHandler
                0x000000000800520c                FPU_IRQHandler
                0x000000000800520c                DMA2_Stream2_IRQHandler
                0x000000000800520c                SPI1_IRQHandler
                0x000000000800520c                TIM1_BRK_TIM9_IRQHandler
                0x000000000800520c                DMA2_Stream3_IRQHandler
                0x000000000800520c                USART6_IRQHandler
                0x000000000800520c                DMA2_Stream0_IRQHandler
                0x000000000800520c                TIM4_IRQHandler
                0x000000000800520c                I2C1_EV_IRQHandler
                0x000000000800520c                DMA1_Stream6_IRQHandler
                0x000000000800520c                DMA1_Stream1_IRQHandler
                0x000000000800520c                TIM3_IRQHandler
                0x000000000800520c                RCC_IRQHandler
                0x000000000800520c                Default_Handler
                0x000000000800520c                EXTI15_10_IRQHandler
                0x000000000800520c                ADC_IRQHandler
                0x000000000800520c                DMA1_Stream7_IRQHandler
                0x000000000800520c                SPI5_IRQHandler
                0x000000000800520c                TIM5_IRQHandler
                0x000000000800520c                DMA2_Stream7_IRQHandler
                0x000000000800520c                I2C3_EV_IRQHandler
                0x000000000800520c                EXTI9_5_IRQHandler
                0x000000000800520c                RTC_WKUP_IRQHandler
                0x000000000800520c                SPI2_IRQHandler
                0x000000000800520c                DMA1_Stream0_IRQHandler
                0x000000000800520c                EXTI4_IRQHandler
                0x000000000800520c                WWDG_IRQHandler
                0x000000000800520c                TIM2_IRQHandler
                0x000000000800520c                OTG_FS_WKUP_IRQHandler
                0x000000000800520c                TIM1_TRG_COM_TIM11_IRQHandler
                0x000000000800520c                EXTI1_IRQHandler
                0x000000000800520c                USART2_IRQHandler
                0x000000000800520c                I2C2_ER_IRQHandler
                0x000000000800520c                DMA2_Stream1_IRQHandler
                0x000000000800520c                FLASH_IRQHandler
                0x000000000800520c                DMA2_Stream4_IRQHandler
                0x000000000800520c                USART1_IRQHandler
                0x000000000800520c                SPI3_IRQHandler
                0x000000000800520c                DMA1_Stream4_IRQHandler
                0x000000000800520c                I2C1_ER_IRQHandler
                0x000000000800520c                DMA2_Stream6_IRQHandler
                0x000000000800520c                DMA1_Stream3_IRQHandler
 *fill*         0x000000000800520e        0x2 
 .text.__errno  0x0000000008005210        0xc c:/st/stm32cubeide_1.3.0/stm32cubeide/plugins/com.st.stm32cube.ide.mcu.externaltools.gnu-tools-for-stm32.7-2018-q2-update.win32_1.5.0.202011040924/tools/bin/../lib/gcc/arm-none-eabi/7.3.1/../../../../arm-none-eabi/lib/thumb/v7e-m/fpv4-sp/hard\libc_nano.a(lib_a-errno.o)
                0x0000000008005210                __errno
 .text.__libc_init_array
                0x000000000800521c       0x48 c:/st/stm32cubeide_1.3.0/stm32cubeide/plugins/com.st.stm32cube.ide.mcu.externaltools.gnu-tools-for-stm32.7-2018-q2-update.win32_1.5.0.202011040924/tools/bin/../lib/gcc/arm-none-eabi/7.3.1/../../../../arm-none-eabi/lib/thumb/v7e-m/fpv4-sp/hard\libc_nano.a(lib_a-init.o)
                0x000000000800521c                __libc_init_array
 .text.malloc   0x0000000008005264       0x10 c:/st/stm32cubeide_1.3.0/stm32cubeide/plugins/com.st.stm32cube.ide.mcu.externaltools.gnu-tools-for-stm32.7-2018-q2-update.win32_1.5.0.202011040924/tools/bin/../lib/gcc/arm-none-eabi/7.3.1/../../../../arm-none-eabi/lib/thumb/v7e-m/fpv4-sp/hard\libc_nano.a(lib_a-malloc.o)
                0x0000000008005264                malloc
 .text.free     0x0000000008005274       0x10 c:/st/stm32cubeide_1.3.0/stm32cubeide/plugins/com.st.stm32cube.ide.mcu.externaltools.gnu-tools-for-stm32.7-2018-q2-update.win32_1.5.0.202011040924/tools/bin/../lib/gcc/arm-none-eabi/7.3.1/../../../../arm-none-eabi/lib/thumb/v7e-m/fpv4-sp/hard\libc_nano.a(lib_a-malloc.o)
                0x0000000008005274                free
 .text.memcpy   0x0000000008005284       0x16 c:/st/stm32cubeide_1.3.0/stm32cubeide/plugins/com.st.stm32cube.ide.mcu.externaltools.gnu-tools-for-stm32.7-2018-q2-update.win32_1.5.0.202011040924/tools/bin/../lib/gcc/arm-none-eabi/7.3.1/../../../../arm-none-eabi/lib/thumb/v7e-m/fpv4-sp/hard\libc_nano.a(lib_a-memcpy-stub.o)
                0x0000000008005284                memcpy
 .text.memset   0x000000000800529a       0x10 c:/st/stm32cubeide_1.3.0/stm32cubeide/plugins/com.st.stm32cube.ide.mcu.externaltools.gnu-tools-for-stm32.7-2018-q2-update.win32_1.5.0.202011040924/tools/bin/../lib/gcc/arm-none-eabi/7.3.1/../../../../arm-none-eabi/lib/thumb/v7e-m/fpv4-sp/hard\libc_nano.a(lib_a-memset.o)
                0x000000000800529a                memset
 *fill*         0x00000000080052aa        0x2 
 .text._free_r  0x00000000080052ac       0x9c c:/st/stm32cubeide_1.3.0/stm32cubeide/plugins/com.st.stm32cube.ide.mcu.externaltools.gnu-tools-for-stm32.7-2018-q2-update.win32_1.5.0.202011040924/tools/bin/../lib/gcc/arm-none-eabi/7.3.1/../../../../arm-none-eabi/lib/thumb/v7e-m/fpv4-sp/hard\libc_nano.a(lib_a-nano-freer.o)
                0x00000000080052ac                _free_r
 .text._malloc_r
                0x0000000008005348       0xb4 c:/st/stm32cubeide_1.3.0/stm32cubeide/plugins/com.st.stm32cube.ide.mcu.externaltools.gnu-tools-for-stm32.7-2018-q2-update.win32_1.5.0.202011040924/tools/bin/../lib/gcc/arm-none-eabi/7.3.1/../../../../arm-none-eabi/lib/thumb/v7e-m/fpv4-sp/hard\libc_nano.a(lib_a-nano-mallocr.o)
                0x0000000008005348                _malloc_r
 .text._sbrk_r  0x00000000080053fc       0x20 c:/st/stm32cubeide_1.3.0/stm32cubeide/plugins/com.st.stm32cube.ide.mcu.externaltools.gnu-tools-for-stm32.7-2018-q2-update.win32_1.5.0.202011040924/tools/bin/../lib/gcc/arm-none-eabi/7.3.1/../../../../arm-none-eabi/lib/thumb/v7e-m/fpv4-sp/hard\libc_nano.a(lib_a-sbrkr.o)
                0x00000000080053fc                _sbrk_r
 .text.sprintf  0x000000000800541c       0x40 c:/st/stm32cubeide_1.3.0/stm32cubeide/plugins/com.st.stm32cube.ide.mcu.externaltools.gnu-tools-for-stm32.7-2018-q2-update.win32_1.5.0.202011040924/tools/bin/../lib/gcc/arm-none-eabi/7.3.1/../../../../arm-none-eabi/lib/thumb/v7e-m/fpv4-sp/hard\libc_nano.a(lib_a-sprintf.o)
                0x000000000800541c                siprintf
                0x000000000800541c                sprintf
 .text.strlcpy  0x000000000800545c       0x2a c:/st/stm32cubeide_1.3.0/stm32cubeide/plugins/com.st.stm32cube.ide.mcu.externaltools.gnu-tools-for-stm32.7-2018-q2-update.win32_1.5.0.202011040924/tools/bin/../lib/gcc/arm-none-eabi/7.3.1/../../../../arm-none-eabi/lib/thumb/v7e-m/fpv4-sp/hard\libc_nano.a(lib_a-strlcpy.o)
                0x000000000800545c                strlcpy
 .text.strncmp  0x0000000008005486       0x24 c:/st/stm32cubeide_1.3.0/stm32cubeide/plugins/com.st.stm32cube.ide.mcu.externaltools.gnu-tools-for-stm32.7-2018-q2-update.win32_1.5.0.202011040924/tools/bin/../lib/gcc/arm-none-eabi/7.3.1/../../../../arm-none-eabi/lib/thumb/v7e-m/fpv4-sp/hard\libc_nano.a(lib_a-strncmp.o)
                0x0000000008005486                strncmp
 .text.__malloc_lock
                0x00000000080054aa        0x2 c:/st/stm32cubeide_1.3.0/stm32cubeide/plugins/com.st.stm32cube.ide.mcu.externaltools.gnu-tools-for-stm32.7-2018-q2-update.win32_1.5.0.202011040924/tools/bin/../lib/gcc/arm-none-eabi/7.3.1/../../../../arm-none-eabi/lib/thumb/v7e-m/fpv4-sp/hard\libc_nano.a(lib_a-mlock.o)
                0x00000000080054aa                __malloc_lock
 .text.__malloc_unlock
                0x00000000080054ac        0x2 c:/st/stm32cubeide_1.3.0/stm32cubeide/plugins/com.st.stm32cube.ide.mcu.externaltools.gnu-tools-for-stm32.7-2018-q2-update.win32_1.5.0.202011040924/tools/bin/../lib/gcc/arm-none-eabi/7.3.1/../../../../arm-none-eabi/lib/thumb/v7e-m/fpv4-sp/hard\libc_nano.a(lib_a-mlock.o)
                0x00000000080054ac                __malloc_unlock
 .text.__ssputs_r
                0x00000000080054ae       0xb4 c:/st/stm32cubeide_1.3.0/stm32cubeide/plugins/com.st.stm32cube.ide.mcu.externaltools.gnu-tools-for-stm32.7-2018-q2-update.win32_1.5.0.202011040924/tools/bin/../lib/gcc/arm-none-eabi/7.3.1/../../../../arm-none-eabi/lib/thumb/v7e-m/fpv4-sp/hard\libc_nano.a(lib_a-nano-svfprintf.o)
                0x00000000080054ae                __ssputs_r
 *fill*         0x0000000008005562        0x2 
 .text._svfprintf_r
                0x0000000008005564      0x1f0 c:/st/stm32cubeide_1.3.0/stm32cubeide/plugins/com.st.stm32cube.ide.mcu.externaltools.gnu-tools-for-stm32.7-2018-q2-update.win32_1.5.0.202011040924/tools/bin/../lib/gcc/arm-none-eabi/7.3.1/../../../../arm-none-eabi/lib/thumb/v7e-m/fpv4-sp/hard\libc_nano.a(lib_a-nano-svfprintf.o)
                0x0000000008005564                _svfiprintf_r
                0x0000000008005564                _svfprintf_r
 .text._printf_common
                0x0000000008005754       0xea c:/st/stm32cubeide_1.3.0/stm32cubeide/plugins/com.st.stm32cube.ide.mcu.externaltools.gnu-tools-for-stm32.7-2018-q2-update.win32_1.5.0.202011040924/tools/bin/../lib/gcc/arm-none-eabi/7.3.1/../../../../arm-none-eabi/lib/thumb/v7e-m/fpv4-sp/hard\libc_nano.a(lib_a-nano-vfprintf_i.o)
                0x0000000008005754                _printf_common
 *fill*         0x000000000800583e        0x2 
 .text._printf_i
                0x0000000008005840      0x224 c:/st/stm32cubeide_1.3.0/stm32cubeide/plugins/com.st.stm32cube.ide.mcu.externaltools.gnu-tools-for-stm32.7-2018-q2-update.win32_1.5.0.202011040924/tools/bin/../lib/gcc/arm-none-eabi/7.3.1/../../../../arm-none-eabi/lib/thumb/v7e-m/fpv4-sp/hard\libc_nano.a(lib_a-nano-vfprintf_i.o)
                0x0000000008005840                _printf_i
 .text.memmove  0x0000000008005a64       0x32 c:/st/stm32cubeide_1.3.0/stm32cubeide/plugins/com.st.stm32cube.ide.mcu.externaltools.gnu-tools-for-stm32.7-2018-q2-update.win32_1.5.0.202011040924/tools/bin/../lib/gcc/arm-none-eabi/7.3.1/../../../../arm-none-eabi/lib/thumb/v7e-m/fpv4-sp/hard\libc_nano.a(lib_a-memmove.o)
                0x0000000008005a64                memmove
 .text._realloc_r
                0x0000000008005a96       0x4c c:/st/stm32cubeide_1.3.0/stm32cubeide/plugins/com.st.stm32cube.ide.mcu.externaltools.gnu-tools-for-stm32.7-2018-q2-update.win32_1.5.0.202011040924/tools/bin/../lib/gcc/arm-none-eabi/7.3.1/../../../../arm-none-eabi/lib/thumb/v7e-m/fpv4-sp/hard\libc_nano.a(lib_a-nano-reallocr.o)
                0x0000000008005a96                _realloc_r
 .text._malloc_usable_size_r
                0x0000000008005ae2       0x10 c:/st/stm32cubeide_1.3.0/stm32cubeide/plugins/com.st.stm32cube.ide.mcu.externaltools.gnu-tools-for-stm32.7-2018-q2-update.win32_1.5.0.202011040924/tools/bin/../lib/gcc/arm-none-eabi/7.3.1/../../../../arm-none-eabi/lib/thumb/v7e-m/fpv4-sp/hard\libc_nano.a(lib_a-nano-msizer.o)
                0x0000000008005ae2                _malloc_usable_size_r
 *(.glue_7)
 .glue_7        0x0000000008005af2        0x0 linker stubs
 *(.glue_7t)
 .glue_7t       0x0000000008005af2        0x0 linker stubs
 *(.eh_frame)
 *fill*         0x0000000008005af2        0x2 
 .eh_frame      0x0000000008005af4        0x0 c:/st/stm32cubeide_1.3.0/stm32cubeide/plugins/com.st.stm32cube.ide.mcu.externaltools.gnu-tools-for-stm32.7-2018-q2-update.win32_1.5.0.202011040924/tools/bin/../lib/gcc/arm-none-eabi/7.3.1/thumb/v7e-m/fpv4-sp/hard/crtbegin.o
 *(.init)
 .init          0x0000000008005af4        0x4 c:/st/stm32cubeide_1.3.0/stm32cubeide/plugins/com.st.stm32cube.ide.mcu.externaltools.gnu-tools-for-stm32.7-2018-q2-update.win32_1.5.0.202011040924/tools/bin/../lib/gcc/arm-none-eabi/7.3.1/thumb/v7e-m/fpv4-sp/hard/crti.o
                0x0000000008005af4                _init
 .init          0x0000000008005af8        0x8 c:/st/stm32cubeide_1.3.0/stm32cubeide/plugins/com.st.stm32cube.ide.mcu.externaltools.gnu-tools-for-stm32.7-2018-q2-update.win32_1.5.0.202011040924/tools/bin/../lib/gcc/arm-none-eabi/7.3.1/thumb/v7e-m/fpv4-sp/hard/crtn.o
 *(.fini)
 .fini          0x0000000008005b00        0x4 c:/st/stm32cubeide_1.3.0/stm32cubeide/plugins/com.st.stm32cube.ide.mcu.externaltools.gnu-tools-for-stm32.7-2018-q2-update.win32_1.5.0.202011040924/tools/bin/../lib/gcc/arm-none-eabi/7.3.1/thumb/v7e-m/fpv4-sp/hard/crti.o
                0x0000000008005b00                _fini
 .fini          0x0000000008005b04        0x8 c:/st/stm32cubeide_1.3.0/stm32cubeide/plugins/com.st.stm32cube.ide.mcu.externaltools.gnu-tools-for-stm32.7-2018-q2-update.win32_1.5.0.202011040924/tools/bin/../lib/gcc/arm-none-eabi/7.3.1/thumb/v7e-m/fpv4-sp/hard/crtn.o
                0x0000000008005b0c                . = ALIGN (0x4)
                0x0000000008005b0c                _etext = .

.vfp11_veneer   0x0000000008005b0c        0x0
 .vfp11_veneer  0x0000000008005b0c        0x0 linker stubs

.v4_bx          0x0000000008005b0c        0x0
 .v4_bx         0x0000000008005b0c        0x0 linker stubs

.iplt           0x0000000008005b0c        0x0
 .iplt          0x0000000008005b0c        0x0 c:/st/stm32cubeide_1.3.0/stm32cubeide/plugins/com.st.stm32cube.ide.mcu.externaltools.gnu-tools-for-stm32.7-2018-q2-update.win32_1.5.0.202011040924/tools/bin/../lib/gcc/arm-none-eabi/7.3.1/thumb/v7e-m/fpv4-sp/hard/crtbegin.o

.rodata         0x0000000008005b0c      0x2a0
                0x0000000008005b0c                . = ALIGN (0x4)
 *(.rodata)
 *(.rodata*)
 .rodata.vTaskStartScheduler.str1.1
                0x0000000008005b0c        0x5 Middlewares/Third_Party/FreeRTOS/Source/tasks.o
 .rodata.prvCheckForValidListAndQueue.str1.1
                0x0000000008005b11        0x5 Middlewares/Third_Party/FreeRTOS/Source/timers.o
 .rodata.xTimerCreateTimerTask.str1.1
                0x0000000008005b16        0x8 Middlewares/Third_Party/FreeRTOS/Source/timers.o
 .rodata.USBTask.str1.1
                0x0000000008005b1e       0xb1 Src/main.o
 *fill*         0x0000000008005bcf        0x1 
 .rodata.buttonTask_attributes
                0x0000000008005bd0       0x24 Src/main.o
                0x0000000008005bd0                buttonTask_attributes
 .rodata.ledTask_attributes
                0x0000000008005bf4       0x24 Src/main.o
                0x0000000008005bf4                ledTask_attributes
 .rodata.main.str1.1
                0x0000000008005c18       0xc0 Src/main.o
 .rodata.str1.1
                0x0000000008005cd8       0x1b Src/main.o
 *fill*         0x0000000008005cf3        0x1 
 .rodata.usbTask_attributes
                0x0000000008005cf4       0x24 Src/main.o
                0x0000000008005cf4                usbTask_attributes
 .rodata.AHBPrescTable
                0x0000000008005d18       0x10 Src/system_stm32f4xx.o
                0x0000000008005d18                AHBPrescTable
 .rodata.APBPrescTable
                0x0000000008005d28        0x8 Src/system_stm32f4xx.o
                0x0000000008005d28                APBPrescTable
 .rodata.CSWTCH.21
                0x0000000008005d30        0x4 Src/usbd_conf.o
 .rodata.USBD_FS_ConfigStrDescriptor.str1.1
                0x0000000008005d34        0xb Src/usbd_desc.o
 .rodata.USBD_FS_InterfaceStrDescriptor.str1.1
                0x0000000008005d3f        0xe Src/usbd_desc.o
 .rodata.USBD_FS_ManufacturerStrDescriptor.str1.1
                0x0000000008005d4d       0x13 Src/usbd_desc.o
 .rodata.USBD_FS_ProductStrDescriptor.str1.1
                0x0000000008005d60       0x16 Src/usbd_desc.o
 .rodata._svfprintf_r.str1.1
                0x0000000008005d76       0x11 c:/st/stm32cubeide_1.3.0/stm32cubeide/plugins/com.st.stm32cube.ide.mcu.externaltools.gnu-tools-for-stm32.7-2018-q2-update.win32_1.5.0.202011040924/tools/bin/../lib/gcc/arm-none-eabi/7.3.1/../../../../arm-none-eabi/lib/thumb/v7e-m/fpv4-sp/hard\libc_nano.a(lib_a-nano-svfprintf.o)
 .rodata._printf_i.str1.1
                0x0000000008005d87       0x22 c:/st/stm32cubeide_1.3.0/stm32cubeide/plugins/com.st.stm32cube.ide.mcu.externaltools.gnu-tools-for-stm32.7-2018-q2-update.win32_1.5.0.202011040924/tools/bin/../lib/gcc/arm-none-eabi/7.3.1/../../../../arm-none-eabi/lib/thumb/v7e-m/fpv4-sp/hard\libc_nano.a(lib_a-nano-vfprintf_i.o)
                0x0000000008005dac                . = ALIGN (0x4)
 *fill*         0x0000000008005da9        0x3 

.ARM.extab      0x0000000008005dac        0x0
                0x0000000008005dac                . = ALIGN (0x4)
 *(.ARM.extab* .gnu.linkonce.armextab.*)
                0x0000000008005dac                . = ALIGN (0x4)

.ARM            0x0000000008005dac        0x8
                0x0000000008005dac                . = ALIGN (0x4)
                0x0000000008005dac                __exidx_start = .
 *(.ARM.exidx*)
 .ARM.exidx     0x0000000008005dac        0x8 c:/st/stm32cubeide_1.3.0/stm32cubeide/plugins/com.st.stm32cube.ide.mcu.externaltools.gnu-tools-for-stm32.7-2018-q2-update.win32_1.5.0.202011040924/tools/bin/../lib/gcc/arm-none-eabi/7.3.1/thumb/v7e-m/fpv4-sp/hard\libgcc.a(_udivmoddi4.o)
                0x0000000008005db4                __exidx_end = .
                0x0000000008005db4                . = ALIGN (0x4)

.rel.dyn        0x0000000008005db4        0x0
 .rel.iplt      0x0000000008005db4        0x0 c:/st/stm32cubeide_1.3.0/stm32cubeide/plugins/com.st.stm32cube.ide.mcu.externaltools.gnu-tools-for-stm32.7-2018-q2-update.win32_1.5.0.202011040924/tools/bin/../lib/gcc/arm-none-eabi/7.3.1/thumb/v7e-m/fpv4-sp/hard/crtbegin.o

.preinit_array  0x0000000008005db4        0x0
                0x0000000008005db4                . = ALIGN (0x4)
                0x0000000008005db4                PROVIDE (__preinit_array_start = .)
 *(.preinit_array*)
                0x0000000008005db4                PROVIDE (__preinit_array_end = .)
                0x0000000008005db4                . = ALIGN (0x4)

.init_array     0x0000000008005db4        0x4
                0x0000000008005db4                . = ALIGN (0x4)
                0x0000000008005db4                PROVIDE (__init_array_start = .)
 *(SORT_BY_NAME(.init_array.*))
 *(.init_array*)
 .init_array    0x0000000008005db4        0x4 c:/st/stm32cubeide_1.3.0/stm32cubeide/plugins/com.st.stm32cube.ide.mcu.externaltools.gnu-tools-for-stm32.7-2018-q2-update.win32_1.5.0.202011040924/tools/bin/../lib/gcc/arm-none-eabi/7.3.1/thumb/v7e-m/fpv4-sp/hard/crtbegin.o
                0x0000000008005db8                PROVIDE (__init_array_end = .)
                0x0000000008005db8                . = ALIGN (0x4)

.fini_array     0x0000000008005db8        0x4
                0x0000000008005db8                . = ALIGN (0x4)
                [!provide]                        PROVIDE (__fini_array_start = .)
 *(SORT_BY_NAME(.fini_array.*))
 *(.fini_array*)
 .fini_array    0x0000000008005db8        0x4 c:/st/stm32cubeide_1.3.0/stm32cubeide/plugins/com.st.stm32cube.ide.mcu.externaltools.gnu-tools-for-stm32.7-2018-q2-update.win32_1.5.0.202011040924/tools/bin/../lib/gcc/arm-none-eabi/7.3.1/thumb/v7e-m/fpv4-sp/hard/crtbegin.o
                [!provide]                        PROVIDE (__fini_array_end = .)
                0x0000000008005dbc                . = ALIGN (0x4)
                0x0000000008005dbc                _sidata = LOADADDR (.data)

.data           0x0000000020000000      0x1e8 load address 0x0000000008005dbc
                0x0000000020000000                . = ALIGN (0x4)
                0x0000000020000000                _sdata = .
 *(.data)
 *(.data*)
 .data.uwTickFreq
                0x0000000020000000        0x1 Drivers/STM32F4xx_HAL_Driver/Src/stm32f4xx_hal.o
                0x0000000020000000                uwTickFreq
 *fill*         0x0000000020000001        0x3 
 .data.uwTickPrio
                0x0000000020000004        0x4 Drivers/STM32F4xx_HAL_Driver/Src/stm32f4xx_hal.o
                0x0000000020000004                uwTickPrio
 .data.USBD_CDC
                0x0000000020000008       0x38 Middlewares/ST/STM32_USB_Device_Library/Class/CDC/Src/usbd_cdc.o
                0x0000000020000008                USBD_CDC
 .data.USBD_CDC_CfgFSDesc
                0x0000000020000040       0x43 Middlewares/ST/STM32_USB_Device_Library/Class/CDC/Src/usbd_cdc.o
 *fill*         0x0000000020000083        0x1 
 .data.USBD_CDC_CfgHSDesc
                0x0000000020000084       0x43 Middlewares/ST/STM32_USB_Device_Library/Class/CDC/Src/usbd_cdc.o
 *fill*         0x00000000200000c7        0x1 
 .data.USBD_CDC_DeviceQualifierDesc
                0x00000000200000c8        0xa Middlewares/ST/STM32_USB_Device_Library/Class/CDC/Src/usbd_cdc.o
 *fill*         0x00000000200000d2        0x2 
 .data.USBD_CDC_OtherSpeedCfgDesc
                0x00000000200000d4       0x43 Middlewares/ST/STM32_USB_Device_Library/Class/CDC/Src/usbd_cdc.o
 *fill*         0x0000000020000117        0x1 
 .data.uxCriticalNesting
                0x0000000020000118        0x4 Middlewares/Third_Party/FreeRTOS/Source/portable/GCC/ARM_CM4F/port.o
 .data.SystemCoreClock
                0x000000002000011c        0x4 Src/system_stm32f4xx.o
                0x000000002000011c                SystemCoreClock
 .data.USBD_Interface_fops_FS
                0x0000000020000120       0x14 Src/usbd_cdc_if.o
                0x0000000020000120                USBD_Interface_fops_FS
 .data.FS_Desc  0x0000000020000134       0x1c Src/usbd_desc.o
                0x0000000020000134                FS_Desc
 .data.USBD_FS_DeviceDesc
                0x0000000020000150       0x12 Src/usbd_desc.o
                0x0000000020000150                USBD_FS_DeviceDesc
 *fill*         0x0000000020000162        0x2 
 .data.USBD_LangIDDesc
                0x0000000020000164        0x4 Src/usbd_desc.o
                0x0000000020000164                USBD_LangIDDesc
 .data.USBD_StringSerial
                0x0000000020000168       0x1a Src/usbd_desc.o
                0x0000000020000168                USBD_StringSerial
 *fill*         0x0000000020000182        0x2 
 .data._impure_ptr
                0x0000000020000184        0x4 c:/st/stm32cubeide_1.3.0/stm32cubeide/plugins/com.st.stm32cube.ide.mcu.externaltools.gnu-tools-for-stm32.7-2018-q2-update.win32_1.5.0.202011040924/tools/bin/../lib/gcc/arm-none-eabi/7.3.1/../../../../arm-none-eabi/lib/thumb/v7e-m/fpv4-sp/hard\libc_nano.a(lib_a-impure.o)
                0x0000000020000184                _impure_ptr
 .data.impure_data
                0x0000000020000188       0x60 c:/st/stm32cubeide_1.3.0/stm32cubeide/plugins/com.st.stm32cube.ide.mcu.externaltools.gnu-tools-for-stm32.7-2018-q2-update.win32_1.5.0.202011040924/tools/bin/../lib/gcc/arm-none-eabi/7.3.1/../../../../arm-none-eabi/lib/thumb/v7e-m/fpv4-sp/hard\libc_nano.a(lib_a-impure.o)
                0x00000000200001e8                . = ALIGN (0x4)
                0x00000000200001e8                _edata = .

.igot.plt       0x00000000200001e8        0x0 load address 0x0000000008005fa4
 .igot.plt      0x00000000200001e8        0x0 c:/st/stm32cubeide_1.3.0/stm32cubeide/plugins/com.st.stm32cube.ide.mcu.externaltools.gnu-tools-for-stm32.7-2018-q2-update.win32_1.5.0.202011040924/tools/bin/../lib/gcc/arm-none-eabi/7.3.1/thumb/v7e-m/fpv4-sp/hard/crtbegin.o
                0x00000000200001e8                . = ALIGN (0x4)

.bss            0x00000000200001e8     0x5cbc load address 0x0000000008005fa4
                0x00000000200001e8                _sbss = .
                0x00000000200001e8                __bss_start__ = _sbss
 *(.bss)
 .bss           0x00000000200001e8       0x1c c:/st/stm32cubeide_1.3.0/stm32cubeide/plugins/com.st.stm32cube.ide.mcu.externaltools.gnu-tools-for-stm32.7-2018-q2-update.win32_1.5.0.202011040924/tools/bin/../lib/gcc/arm-none-eabi/7.3.1/thumb/v7e-m/fpv4-sp/hard/crtbegin.o
 *(.bss*)
 .bss.cfgidx.10078
                0x0000000020000204        0x1 Middlewares/ST/STM32_USB_Device_Library/Core/Src/usbd_ctlreq.o
 *fill*         0x0000000020000205        0x3 
 .bss.Idle_Stack
                0x0000000020000208      0x200 Middlewares/Third_Party/FreeRTOS/Source/CMSIS_RTOS_V2/cmsis_os2.o
 .bss.Idle_TCB  0x0000000020000408       0x5c Middlewares/Third_Party/FreeRTOS/Source/CMSIS_RTOS_V2/cmsis_os2.o
 .bss.KernelState
                0x0000000020000464        0x4 Middlewares/Third_Party/FreeRTOS/Source/CMSIS_RTOS_V2/cmsis_os2.o
 .bss.Timer_Stack
                0x0000000020000468      0x400 Middlewares/Third_Party/FreeRTOS/Source/CMSIS_RTOS_V2/cmsis_os2.o
 .bss.Timer_TCB
                0x0000000020000868       0x5c Middlewares/Third_Party/FreeRTOS/Source/CMSIS_RTOS_V2/cmsis_os2.o
 .bss.pxCurrentTCB
                0x00000000200008c4        0x4 Middlewares/Third_Party/FreeRTOS/Source/tasks.o
                0x00000000200008c4                pxCurrentTCB
 .bss.pxDelayedTaskList
                0x00000000200008c8        0x4 Middlewares/Third_Party/FreeRTOS/Source/tasks.o
 .bss.pxOverflowDelayedTaskList
                0x00000000200008cc        0x4 Middlewares/Third_Party/FreeRTOS/Source/tasks.o
 .bss.pxReadyTasksLists
                0x00000000200008d0      0x460 Middlewares/Third_Party/FreeRTOS/Source/tasks.o
 .bss.uxCurrentNumberOfTasks
                0x0000000020000d30        0x4 Middlewares/Third_Party/FreeRTOS/Source/tasks.o
 .bss.uxDeletedTasksWaitingCleanUp
                0x0000000020000d34        0x4 Middlewares/Third_Party/FreeRTOS/Source/tasks.o
 .bss.uxPendedTicks
                0x0000000020000d38        0x4 Middlewares/Third_Party/FreeRTOS/Source/tasks.o
 .bss.uxSchedulerSuspended
                0x0000000020000d3c        0x4 Middlewares/Third_Party/FreeRTOS/Source/tasks.o
 .bss.uxTaskNumber
                0x0000000020000d40        0x4 Middlewares/Third_Party/FreeRTOS/Source/tasks.o
 .bss.uxTopReadyPriority
                0x0000000020000d44        0x4 Middlewares/Third_Party/FreeRTOS/Source/tasks.o
 .bss.xDelayedTaskList1
                0x0000000020000d48       0x14 Middlewares/Third_Party/FreeRTOS/Source/tasks.o
 .bss.xDelayedTaskList2
                0x0000000020000d5c       0x14 Middlewares/Third_Party/FreeRTOS/Source/tasks.o
 .bss.xNextTaskUnblockTime
                0x0000000020000d70        0x4 Middlewares/Third_Party/FreeRTOS/Source/tasks.o
 .bss.xNumOfOverflows
                0x0000000020000d74        0x4 Middlewares/Third_Party/FreeRTOS/Source/tasks.o
 .bss.xPendingReadyList
                0x0000000020000d78       0x14 Middlewares/Third_Party/FreeRTOS/Source/tasks.o
 .bss.xSchedulerRunning
                0x0000000020000d8c        0x4 Middlewares/Third_Party/FreeRTOS/Source/tasks.o
 .bss.xSuspendedTaskList
                0x0000000020000d90       0x14 Middlewares/Third_Party/FreeRTOS/Source/tasks.o
 .bss.xTasksWaitingTermination
                0x0000000020000da4       0x14 Middlewares/Third_Party/FreeRTOS/Source/tasks.o
 .bss.xTickCount
                0x0000000020000db8        0x4 Middlewares/Third_Party/FreeRTOS/Source/tasks.o
 .bss.xYieldPending
                0x0000000020000dbc        0x4 Middlewares/Third_Party/FreeRTOS/Source/tasks.o
 .bss.pxCurrentTimerList
                0x0000000020000dc0        0x4 Middlewares/Third_Party/FreeRTOS/Source/timers.o
 .bss.pxOverflowTimerList
                0x0000000020000dc4        0x4 Middlewares/Third_Party/FreeRTOS/Source/timers.o
 .bss.ucStaticTimerQueueStorage.6792
                0x0000000020000dc8       0xa0 Middlewares/Third_Party/FreeRTOS/Source/timers.o
 .bss.xActiveTimerList1
                0x0000000020000e68       0x14 Middlewares/Third_Party/FreeRTOS/Source/timers.o
 .bss.xActiveTimerList2
                0x0000000020000e7c       0x14 Middlewares/Third_Party/FreeRTOS/Source/timers.o
 .bss.xLastTime.6741
                0x0000000020000e90        0x4 Middlewares/Third_Party/FreeRTOS/Source/timers.o
 .bss.xStaticTimerQueue.6791
                0x0000000020000e94       0x50 Middlewares/Third_Party/FreeRTOS/Source/timers.o
 .bss.xTimerQueue
                0x0000000020000ee4        0x4 Middlewares/Third_Party/FreeRTOS/Source/timers.o
 .bss.xTimerTaskHandle
                0x0000000020000ee8        0x4 Middlewares/Third_Party/FreeRTOS/Source/timers.o
 .bss.ucMaxSysCallPriority
                0x0000000020000eec        0x1 Middlewares/Third_Party/FreeRTOS/Source/portable/GCC/ARM_CM4F/port.o
 *fill*         0x0000000020000eed        0x3 
 .bss.ulMaxPRIGROUPValue
                0x0000000020000ef0        0x4 Middlewares/Third_Party/FreeRTOS/Source/portable/GCC/ARM_CM4F/port.o
 .bss.pxEnd     0x0000000020000ef4        0x4 Middlewares/Third_Party/FreeRTOS/Source/portable/MemMang/heap_4.o
 .bss.ucHeap    0x0000000020000ef8     0x3c00 Middlewares/Third_Party/FreeRTOS/Source/portable/MemMang/heap_4.o
 .bss.xBlockAllocatedBit
                0x0000000020004af8        0x4 Middlewares/Third_Party/FreeRTOS/Source/portable/MemMang/heap_4.o
 .bss.xFreeBytesRemaining
                0x0000000020004afc        0x4 Middlewares/Third_Party/FreeRTOS/Source/portable/MemMang/heap_4.o
 .bss.xMinimumEverFreeBytesRemaining
                0x0000000020004b00        0x4 Middlewares/Third_Party/FreeRTOS/Source/portable/MemMang/heap_4.o
 .bss.xStart    0x0000000020004b04        0x8 Middlewares/Third_Party/FreeRTOS/Source/portable/MemMang/heap_4.o
 .bss.MessageLength
                0x0000000020004b0c        0x4 Src/main.o
                0x0000000020004b0c                MessageLength
 .bss.ReceivedDataFlag
                0x0000000020004b10        0x1 Src/main.o
                0x0000000020004b10                ReceivedDataFlag
 *fill*         0x0000000020004b11        0x3 
 .bss.heap_end.6424
                0x0000000020004b14        0x4 Src/sysmem.o
 .bss.__malloc_free_list
                0x0000000020004b18        0x4 c:/st/stm32cubeide_1.3.0/stm32cubeide/plugins/com.st.stm32cube.ide.mcu.externaltools.gnu-tools-for-stm32.7-2018-q2-update.win32_1.5.0.202011040924/tools/bin/../lib/gcc/arm-none-eabi/7.3.1/../../../../arm-none-eabi/lib/thumb/v7e-m/fpv4-sp/hard\libc_nano.a(lib_a-nano-mallocr.o)
                0x0000000020004b18                __malloc_free_list
 .bss.__malloc_sbrk_start
                0x0000000020004b1c        0x4 c:/st/stm32cubeide_1.3.0/stm32cubeide/plugins/com.st.stm32cube.ide.mcu.externaltools.gnu-tools-for-stm32.7-2018-q2-update.win32_1.5.0.202011040924/tools/bin/../lib/gcc/arm-none-eabi/7.3.1/../../../../arm-none-eabi/lib/thumb/v7e-m/fpv4-sp/hard\libc_nano.a(lib_a-nano-mallocr.o)
                0x0000000020004b1c                __malloc_sbrk_start
 *(COMMON)
 COMMON         0x0000000020004b20        0x4 Drivers/STM32F4xx_HAL_Driver/Src/stm32f4xx_hal.o
                0x0000000020004b20                uwTick
 COMMON         0x0000000020004b24       0x40 Middlewares/Third_Party/FreeRTOS/Source/queue.o
                0x0000000020004b24                xQueueRegistry
 COMMON         0x0000000020004b64      0x624 Src/main.o
                0x0000000020004b64                msgINFO
                0x0000000020004b68                usbTaskHandle
                0x0000000020004b6c                usbBlinkNorm
                0x0000000020004b6d                bStateMem
                0x0000000020004b70                ledTaskHandle
                0x0000000020004b74                DataToSend
                0x0000000020004d74                msgHELP
                0x0000000020004d78                ReceivedDataBuffer
                0x0000000020004f78                bState
                0x0000000020004f79                usbBlinkFast
                0x0000000020004f7a                usbBlinkSlow
                0x0000000020004f7c                t_blinkingMem
                0x0000000020004f80                buttonTaskHandle
                0x0000000020004f84                RcvData
                0x0000000020005184                t_blinking
 COMMON         0x0000000020005188       0x40 Src/stm32f4xx_hal_timebase_tim.o
                0x0000000020005188                htim1
 COMMON         0x00000000200051c8      0x2d0 Src/usb_device.o
                0x00000000200051c8                hUsbDeviceFS
 COMMON         0x0000000020005498      0x400 Src/usbd_cdc_if.o
                0x0000000020005498                UserRxBufferFS
                0x0000000020005698                UserTxBufferFS
 COMMON         0x0000000020005898      0x408 Src/usbd_conf.o
                0x0000000020005898                hpcd_USB_OTG_FS
 COMMON         0x0000000020005ca0      0x200 Src/usbd_desc.o
                0x0000000020005ca0                USBD_StrDesc
 COMMON         0x0000000020005ea0        0x4 c:/st/stm32cubeide_1.3.0/stm32cubeide/plugins/com.st.stm32cube.ide.mcu.externaltools.gnu-tools-for-stm32.7-2018-q2-update.win32_1.5.0.202011040924/tools/bin/../lib/gcc/arm-none-eabi/7.3.1/../../../../arm-none-eabi/lib/thumb/v7e-m/fpv4-sp/hard\libc_nano.a(lib_a-reent.o)
                0x0000000020005ea0                errno
                0x0000000020005ea4                . = ALIGN (0x4)
                0x0000000020005ea4                _ebss = .
                0x0000000020005ea4                __bss_end__ = _ebss

._user_heap_stack
                0x0000000020005ea4      0x604 load address 0x0000000008005fa4
                0x0000000020005ea8                . = ALIGN (0x8)
 *fill*         0x0000000020005ea4        0x4 
                0x0000000020005ea8                PROVIDE (end = .)
                [!provide]                        PROVIDE (_end = .)
                0x00000000200060a8                . = (. + _Min_Heap_Size)
 *fill*         0x0000000020005ea8      0x200 
                0x00000000200064a8                . = (. + _Min_Stack_Size)
 *fill*         0x00000000200060a8      0x400 
                0x00000000200064a8                . = ALIGN (0x8)

/DISCARD/
 libc.a(*)
 libm.a(*)
 libgcc.a(*)

.ARM.attributes
                0x0000000000000000       0x30
 *(.ARM.attributes)
 .ARM.attributes
                0x0000000000000000       0x22 c:/st/stm32cubeide_1.3.0/stm32cubeide/plugins/com.st.stm32cube.ide.mcu.externaltools.gnu-tools-for-stm32.7-2018-q2-update.win32_1.5.0.202011040924/tools/bin/../lib/gcc/arm-none-eabi/7.3.1/thumb/v7e-m/fpv4-sp/hard/crti.o
 .ARM.attributes
                0x0000000000000022       0x34 c:/st/stm32cubeide_1.3.0/stm32cubeide/plugins/com.st.stm32cube.ide.mcu.externaltools.gnu-tools-for-stm32.7-2018-q2-update.win32_1.5.0.202011040924/tools/bin/../lib/gcc/arm-none-eabi/7.3.1/thumb/v7e-m/fpv4-sp/hard/crtbegin.o
 .ARM.attributes
                0x0000000000000056       0x39 Drivers/STM32F4xx_HAL_Driver/Src/stm32f4xx_hal.o
 .ARM.attributes
                0x000000000000008f       0x39 Drivers/STM32F4xx_HAL_Driver/Src/stm32f4xx_hal_cortex.o
 .ARM.attributes
                0x00000000000000c8       0x39 Drivers/STM32F4xx_HAL_Driver/Src/stm32f4xx_hal_gpio.o
 .ARM.attributes
                0x0000000000000101       0x39 Drivers/STM32F4xx_HAL_Driver/Src/stm32f4xx_hal_pcd.o
 .ARM.attributes
                0x000000000000013a       0x39 Drivers/STM32F4xx_HAL_Driver/Src/stm32f4xx_hal_pcd_ex.o
 .ARM.attributes
                0x0000000000000173       0x39 Drivers/STM32F4xx_HAL_Driver/Src/stm32f4xx_hal_rcc.o
 .ARM.attributes
                0x00000000000001ac       0x39 Drivers/STM32F4xx_HAL_Driver/Src/stm32f4xx_hal_tim.o
 .ARM.attributes
                0x00000000000001e5       0x39 Drivers/STM32F4xx_HAL_Driver/Src/stm32f4xx_hal_tim_ex.o
 .ARM.attributes
                0x000000000000021e       0x39 Drivers/STM32F4xx_HAL_Driver/Src/stm32f4xx_ll_usb.o
 .ARM.attributes
                0x0000000000000257       0x39 Middlewares/ST/STM32_USB_Device_Library/Class/CDC/Src/usbd_cdc.o
 .ARM.attributes
                0x0000000000000290       0x39 Middlewares/ST/STM32_USB_Device_Library/Core/Src/usbd_core.o
 .ARM.attributes
                0x00000000000002c9       0x39 Middlewares/ST/STM32_USB_Device_Library/Core/Src/usbd_ctlreq.o
 .ARM.attributes
                0x0000000000000302       0x39 Middlewares/ST/STM32_USB_Device_Library/Core/Src/usbd_ioreq.o
 .ARM.attributes
                0x000000000000033b       0x39 Middlewares/Third_Party/FreeRTOS/Source/CMSIS_RTOS_V2/cmsis_os2.o
 .ARM.attributes
                0x0000000000000374       0x39 Middlewares/Third_Party/FreeRTOS/Source/list.o
 .ARM.attributes
                0x00000000000003ad       0x39 Middlewares/Third_Party/FreeRTOS/Source/queue.o
 .ARM.attributes
                0x00000000000003e6       0x39 Middlewares/Third_Party/FreeRTOS/Source/tasks.o
 .ARM.attributes
                0x000000000000041f       0x39 Middlewares/Third_Party/FreeRTOS/Source/timers.o
 .ARM.attributes
                0x0000000000000458       0x39 Middlewares/Third_Party/FreeRTOS/Source/portable/GCC/ARM_CM4F/port.o
 .ARM.attributes
                0x0000000000000491       0x39 Middlewares/Third_Party/FreeRTOS/Source/portable/MemMang/heap_4.o
 .ARM.attributes
                0x00000000000004ca       0x39 Src/main.o
 .ARM.attributes
                0x0000000000000503       0x39 Src/stm32f4xx_hal_msp.o
 .ARM.attributes
                0x000000000000053c       0x39 Src/stm32f4xx_hal_timebase_tim.o
 .ARM.attributes
                0x0000000000000575       0x39 Src/stm32f4xx_it.o
 .ARM.attributes
                0x00000000000005ae       0x39 Src/sysmem.o
 .ARM.attributes
                0x00000000000005e7       0x39 Src/system_stm32f4xx.o
 .ARM.attributes
                0x0000000000000620       0x39 Src/usb_device.o
 .ARM.attributes
                0x0000000000000659       0x39 Src/usbd_cdc_if.o
 .ARM.attributes
                0x0000000000000692       0x39 Src/usbd_conf.o
 .ARM.attributes
                0x00000000000006cb       0x39 Src/usbd_desc.o
 .ARM.attributes
                0x0000000000000704       0x21 Startup/startup_stm32f411ceux.o
 .ARM.attributes
                0x0000000000000725       0x34 c:/st/stm32cubeide_1.3.0/stm32cubeide/plugins/com.st.stm32cube.ide.mcu.externaltools.gnu-tools-for-stm32.7-2018-q2-update.win32_1.5.0.202011040924/tools/bin/../lib/gcc/arm-none-eabi/7.3.1/../../../../arm-none-eabi/lib/thumb/v7e-m/fpv4-sp/hard\libc_nano.a(lib_a-errno.o)
 .ARM.attributes
                0x0000000000000759       0x34 c:/st/stm32cubeide_1.3.0/stm32cubeide/plugins/com.st.stm32cube.ide.mcu.externaltools.gnu-tools-for-stm32.7-2018-q2-update.win32_1.5.0.202011040924/tools/bin/../lib/gcc/arm-none-eabi/7.3.1/../../../../arm-none-eabi/lib/thumb/v7e-m/fpv4-sp/hard\libc_nano.a(lib_a-impure.o)
 .ARM.attributes
                0x000000000000078d       0x34 c:/st/stm32cubeide_1.3.0/stm32cubeide/plugins/com.st.stm32cube.ide.mcu.externaltools.gnu-tools-for-stm32.7-2018-q2-update.win32_1.5.0.202011040924/tools/bin/../lib/gcc/arm-none-eabi/7.3.1/../../../../arm-none-eabi/lib/thumb/v7e-m/fpv4-sp/hard\libc_nano.a(lib_a-init.o)
 .ARM.attributes
                0x00000000000007c1       0x34 c:/st/stm32cubeide_1.3.0/stm32cubeide/plugins/com.st.stm32cube.ide.mcu.externaltools.gnu-tools-for-stm32.7-2018-q2-update.win32_1.5.0.202011040924/tools/bin/../lib/gcc/arm-none-eabi/7.3.1/../../../../arm-none-eabi/lib/thumb/v7e-m/fpv4-sp/hard\libc_nano.a(lib_a-malloc.o)
 .ARM.attributes
                0x00000000000007f5       0x34 c:/st/stm32cubeide_1.3.0/stm32cubeide/plugins/com.st.stm32cube.ide.mcu.externaltools.gnu-tools-for-stm32.7-2018-q2-update.win32_1.5.0.202011040924/tools/bin/../lib/gcc/arm-none-eabi/7.3.1/../../../../arm-none-eabi/lib/thumb/v7e-m/fpv4-sp/hard\libc_nano.a(lib_a-memcpy-stub.o)
 .ARM.attributes
                0x0000000000000829       0x34 c:/st/stm32cubeide_1.3.0/stm32cubeide/plugins/com.st.stm32cube.ide.mcu.externaltools.gnu-tools-for-stm32.7-2018-q2-update.win32_1.5.0.202011040924/tools/bin/../lib/gcc/arm-none-eabi/7.3.1/../../../../arm-none-eabi/lib/thumb/v7e-m/fpv4-sp/hard\libc_nano.a(lib_a-memset.o)
 .ARM.attributes